19:49:56 **** Clean-only build of configuration Debug for project test_final ****
make clean 
rm -rf  ./src/ads8688.o ./src/helloworld.o ./src/platform.o ./src/utils.o ./src/wifi.o  ./src/ads8688.d ./src/helloworld.d ./src/platform.d ./src/utils.d ./src/wifi.d  test_final.elf.size  test_final.elf
' '
19:49:57 **** Incremental Build of configuration Debug for project test_final ****
make pre-build main-build 
a9-linaro-pre-build-step
' '
'Building file: ../src/ads8688.c'
'Invoking: ARM v7 gcc compiler'
arm-none-eabi-gcc -Wall -O0 -g3 -c -fmessage-length=0 -MT"src/ads8688.o" -mcpu=cortex-a9 -mfpu=vfpv3 -mfloat-abi=hard -I../../test_final_bsp/ps7_cortexa9_0/include -MMD -MP -MF"src/ads8688.d" -MT"src/ads8688.o" -o "src/ads8688.o" "../src/ads8688.c"
../src/ads8688.c: In function 'ads8688_init':
../src/ads8688.c:23:2: warning: implicit declaration of function 'delay_ms' [-Wimplicit-function-declaration]
  delay_ms(100);
  ^~~~~~~~
'Finished building: ../src/ads8688.c'
' '
'Building file: ../src/helloworld.c'
'Invoking: ARM v7 gcc compiler'
arm-none-eabi-gcc -Wall -O0 -g3 -c -fmessage-length=0 -MT"src/helloworld.o" -mcpu=cortex-a9 -mfpu=vfpv3 -mfloat-abi=hard -I../../test_final_bsp/ps7_cortexa9_0/include -MMD -MP -MF"src/helloworld.d" -MT"src/helloworld.o" -o "src/helloworld.o" "../src/helloworld.c"
../src/helloworld.c:61:0: warning: "UART_DEVICE_ID" redefined
 #define UART_DEVICE_ID XPAR_UARTLITE_0_DEVICE_ID
 
In file included from ../src/platform.h:36:0,
                 from ../src/helloworld.c:49:
../src/platform_config.h:5:0: note: this is the location of the previous definition
 #define UART_DEVICE_ID 0
 
../src/helloworld.c: In function 'init':
../src/helloworld.c:127:6: warning: variable 'status' set but not used [-Wunused-but-set-variable]
  int status;
      ^~~~~~
'Finished building: ../src/helloworld.c'
' '
'Building file: ../src/platform.c'
'Invoking: ARM v7 gcc compiler'
arm-none-eabi-gcc -Wall -O0 -g3 -c -fmessage-length=0 -MT"src/platform.o" -mcpu=cortex-a9 -mfpu=vfpv3 -mfloat-abi=hard -I../../test_final_bsp/ps7_cortexa9_0/include -MMD -MP -MF"src/platform.d" -MT"src/platform.o" -o "src/platform.o" "../src/platform.c"
'Finished building: ../src/platform.c'
' '
'Building file: ../src/utils.c'
'Invoking: ARM v7 gcc compiler'
arm-none-eabi-gcc -Wall -O0 -g3 -c -fmessage-length=0 -MT"src/utils.o" -mcpu=cortex-a9 -mfpu=vfpv3 -mfloat-abi=hard -I../../test_final_bsp/ps7_cortexa9_0/include -MMD -MP -MF"src/utils.d" -MT"src/utils.o" -o "src/utils.o" "../src/utils.c"
../src/utils.c: In function 'zero_init':
../src/utils.c:22:6: warning: variable 'status' set but not used [-Wunused-but-set-variable]
  int status;
      ^~~~~~
'Finished building: ../src/utils.c'
' '
'Building file: ../src/wifi.c'
'Invoking: ARM v7 gcc compiler'
arm-none-eabi-gcc -Wall -O0 -g3 -c -fmessage-length=0 -MT"src/wifi.o" -mcpu=cortex-a9 -mfpu=vfpv3 -mfloat-abi=hard -I../../test_final_bsp/ps7_cortexa9_0/include -MMD -MP -MF"src/wifi.d" -MT"src/wifi.o" -o "src/wifi.o" "../src/wifi.c"
In file included from ../../test_final_bsp/ps7_cortexa9_0/include/xuartlite.h:160:0,
                 from ../src/wifi.h:18,
                 from ../src/wifi.c:7:
../src/wifi.c: In function 'uart_init':
../../test_final_bsp/ps7_cortexa9_0/include/xstatus.h:61:41: warning: 'return' with a value, in function returning void
 #define XST_FAILURE                     1L
                                         ^
../src/wifi.c:30:16: note: in expansion of macro 'XST_FAILURE'
         return XST_FAILURE;
                ^~~~~~~~~~~
../src/wifi.c:25:6: note: declared here
 void uart_init(u16 device_id)
      ^~~~~~~~~
../src/wifi.c: In function 'send':
../src/wifi.c:116:9: warning: value computed is not used [-Wunused-value]
         *str++;
         ^~~~~~
'Finished building: ../src/wifi.c'
' '
'Building target: test_final.elf'
'Invoking: ARM v7 gcc linker'
arm-none-eabi-gcc -mcpu=cortex-a9 -mfpu=vfpv3 -mfloat-abi=hard -Wl,-build-id=none -specs=Xilinx.spec -Wl,-T -Wl,../src/lscript.ld -L../../test_final_bsp/ps7_cortexa9_0/lib -o "test_final.elf"  ./src/ads8688.o ./src/helloworld.o ./src/platform.o ./src/utils.o ./src/wifi.o   -Wl,--start-group,-lxil,-lgcc,-lc,--end-group
'Finished building target: test_final.elf'
' '
'Invoking: ARM v7 Print Size'
arm-none-eabi-size test_final.elf  |tee "test_final.elf.size"
   text	   data	    bss	    dec	    hex	filename
  79728	   3556	  23584	 106868	  1a174	test_final.elf
'Finished building: test_final.elf.size'
' '
19:50:30 **** Incremental Build of configuration Debug for project test_final ****
make pre-build main-build 
a9-linaro-pre-build-step
' '
make: Nothing to be done for 'main-build'.
19:57:04 **** Incremental Build of configuration Debug for project test_final ****
make pre-build main-build 
a9-linaro-pre-build-step
' '
make: Nothing to be done for 'main-build'.
19:58:34 **** Incremental Build of configuration Debug for project test_final ****
make pre-build main-build 
a9-linaro-pre-build-step
' '
make: Nothing to be done for 'main-build'.
20:00:34 **** Auto Build of configuration Debug for project test_final ****
make pre-build main-build 
a9-linaro-pre-build-step
' '
'Building file: ../src/helloworld.c'
'Invoking: ARM v7 gcc compiler'
arm-none-eabi-gcc -Wall -O0 -g3 -c -fmessage-length=0 -MT"src/helloworld.o" -mcpu=cortex-a9 -mfpu=vfpv3 -mfloat-abi=hard -I../../test_final_bsp/ps7_cortexa9_0/include -MMD -MP -MF"src/helloworld.d" -MT"src/helloworld.o" -o "src/helloworld.o" "../src/helloworld.c"
../src/helloworld.c:61:0: warning: "UART_DEVICE_ID" redefined
 #define UART_DEVICE_ID XPAR_UARTLITE_0_DEVICE_ID
 
In file included from ../src/platform.h:36:0,
                 from ../src/helloworld.c:49:
../src/platform_config.h:5:0: note: this is the location of the previous definition
 #define UART_DEVICE_ID 0
 
../src/helloworld.c: In function 'init':
../src/helloworld.c:128:6: warning: variable 'status' set but not used [-Wunused-but-set-variable]
  int status;
      ^~~~~~
'Finished building: ../src/helloworld.c'
' '
'Building target: test_final.elf'
'Invoking: ARM v7 gcc linker'
arm-none-eabi-gcc -mcpu=cortex-a9 -mfpu=vfpv3 -mfloat-abi=hard -Wl,-build-id=none -specs=Xilinx.spec -Wl,-T -Wl,../src/lscript.ld -L../../test_final_bsp/ps7_cortexa9_0/lib -o "test_final.elf"  ./src/ads8688.o ./src/helloworld.o ./src/platform.o ./src/utils.o ./src/wifi.o   -Wl,--start-group,-lxil,-lgcc,-lc,--end-group
'Finished building target: test_final.elf'
' '
'Invoking: ARM v7 Print Size'
arm-none-eabi-size test_final.elf  |tee "test_final.elf.size"
   text	   data	    bss	    dec	    hex	filename
  79744	   3556	  23584	 106884	  1a184	test_final.elf
'Finished building: test_final.elf.size'
' '
20:00:58 **** Incremental Build of configuration Debug for project test_final ****
make pre-build main-build 
a9-linaro-pre-build-step
' '
make: Nothing to be done for 'main-build'.
20:01:41 **** Incremental Build of configuration Debug for project test_final ****
make pre-build main-build 
a9-linaro-pre-build-step
' '
make: Nothing to be done for 'main-build'.
20:02:23 **** Incremental Build of configuration Debug for project test_final ****
make pre-build main-build 
a9-linaro-pre-build-step
' '
make: Nothing to be done for 'main-build'.
20:03:24 **** Auto Build of configuration Debug for project test_final ****
make pre-build main-build 
a9-linaro-pre-build-step
' '
'Building file: ../src/helloworld.c'
'Invoking: ARM v7 gcc compiler'
arm-none-eabi-gcc -Wall -O0 -g3 -c -fmessage-length=0 -MT"src/helloworld.o" -mcpu=cortex-a9 -mfpu=vfpv3 -mfloat-abi=hard -I../../test_final_bsp/ps7_cortexa9_0/include -MMD -MP -MF"src/helloworld.d" -MT"src/helloworld.o" -o "src/helloworld.o" "../src/helloworld.c"
../src/helloworld.c:61:0: warning: "UART_DEVICE_ID" redefined
 #define UART_DEVICE_ID XPAR_UARTLITE_0_DEVICE_ID
 
In file included from ../src/platform.h:36:0,
                 from ../src/helloworld.c:49:
../src/platform_config.h:5:0: note: this is the location of the previous definition
 #define UART_DEVICE_ID 0
 
../src/helloworld.c: In function 'init':
../src/helloworld.c:128:6: warning: variable 'status' set but not used [-Wunused-but-set-variable]
  int status;
      ^~~~~~
'Finished building: ../src/helloworld.c'
' '
'Building target: test_final.elf'
'Invoking: ARM v7 gcc linker'
arm-none-eabi-gcc -mcpu=cortex-a9 -mfpu=vfpv3 -mfloat-abi=hard -Wl,-build-id=none -specs=Xilinx.spec -Wl,-T -Wl,../src/lscript.ld -L../../test_final_bsp/ps7_cortexa9_0/lib -o "test_final.elf"  ./src/ads8688.o ./src/helloworld.o ./src/platform.o ./src/utils.o ./src/wifi.o   -Wl,--start-group,-lxil,-lgcc,-lc,--end-group
'Finished building target: test_final.elf'
' '
'Invoking: ARM v7 Print Size'
arm-none-eabi-size test_final.elf  |tee "test_final.elf.size"
   text	   data	    bss	    dec	    hex	filename
  79744	   3556	  23584	 106884	  1a184	test_final.elf
'Finished building: test_final.elf.size'
' '
20:06:30 **** Incremental Build of configuration Debug for project test_final ****
make pre-build main-build 
a9-linaro-pre-build-step
' '
'Building file: ../src/helloworld.c'
'Invoking: ARM v7 gcc compiler'
arm-none-eabi-gcc -Wall -O0 -g3 -c -fmessage-length=0 -MT"src/helloworld.o" -mcpu=cortex-a9 -mfpu=vfpv3 -mfloat-abi=hard -I../../test_final_bsp/ps7_cortexa9_0/include -MMD -MP -MF"src/helloworld.d" -MT"src/helloworld.o" -o "src/helloworld.o" "../src/helloworld.c"
../src/helloworld.c:61:0: warning: "UART_DEVICE_ID" redefined
 #define UART_DEVICE_ID XPAR_UARTLITE_0_DEVICE_ID
 
In file included from ../src/platform.h:36:0,
                 from ../src/helloworld.c:49:
../src/platform_config.h:5:0: note: this is the location of the previous definition
 #define UART_DEVICE_ID 0
 
../src/helloworld.c: In function 'init':
../src/helloworld.c:128:6: warning: variable 'status' set but not used [-Wunused-but-set-variable]
  int status;
      ^~~~~~
'Finished building: ../src/helloworld.c'
' '
'Building target: test_final.elf'
'Invoking: ARM v7 gcc linker'
arm-none-eabi-gcc -mcpu=cortex-a9 -mfpu=vfpv3 -mfloat-abi=hard -Wl,-build-id=none -specs=Xilinx.spec -Wl,-T -Wl,../src/lscript.ld -L../../test_final_bsp/ps7_cortexa9_0/lib -o "test_final.elf"  ./src/ads8688.o ./src/helloworld.o ./src/platform.o ./src/utils.o ./src/wifi.o   -Wl,--start-group,-lxil,-lgcc,-lc,--end-group
'Finished building target: test_final.elf'
' '
'Invoking: ARM v7 Print Size'
arm-none-eabi-size test_final.elf  |tee "test_final.elf.size"
   text	   data	    bss	    dec	    hex	filename
  79744	   3556	  23584	 106884	  1a184	test_final.elf
'Finished building: test_final.elf.size'
' '
20:08:22 **** Incremental Build of configuration Debug for project test_final ****
make pre-build main-build 
a9-linaro-pre-build-step
' '
make: Nothing to be done for 'main-build'.
20:09:12 **** Incremental Build of configuration Debug for project test_final ****
make pre-build main-build 
a9-linaro-pre-build-step
' '
make: Nothing to be done for 'main-build'.
20:10:02 **** Incremental Build of configuration Debug for project test_final ****
make pre-build main-build 
a9-linaro-pre-build-step
' '
make: Nothing to be done for 'main-build'.
20:23:16 **** Build of configuration Debug for project test_final_bsp_xuartlite_intr_example_1 ****
make pre-build main-build 
a9-linaro-pre-build-step
' '
'Building file: ../src/xuartlite_intr_example.c'
'Invoking: ARM v7 gcc compiler'
arm-none-eabi-gcc -Wall -O0 -g3 -c -fmessage-length=0 -MT"src/xuartlite_intr_example.o" -mcpu=cortex-a9 -mfpu=vfpv3 -mfloat-abi=hard -I../../test_final_bsp/ps7_cortexa9_0/include -MMD -MP -MF"src/xuartlite_intr_example.d" -MT"src/xuartlite_intr_example.o" -o "src/xuartlite_intr_example.o" "../src/xuartlite_intr_example.c"
../src/xuartlite_intr_example.c:61:10: fatal error: xintc.h: No such file or directory
 #include "xintc.h"
          ^~~~~~~~~
compilation terminated.
make: *** [src/subdir.mk:23: src/xuartlite_intr_example.o] Error 1
20:27:16 **** Auto Build of configuration Debug for project test_final_bsp_xuartlite_intr_example_1 ****
make pre-build main-build 
a9-linaro-pre-build-step
' '
'Building file: ../src/xuartlite_intr_example.c'
'Invoking: ARM v7 gcc compiler'
arm-none-eabi-gcc -Wall -O0 -g3 -c -fmessage-length=0 -MT"src/xuartlite_intr_example.o" -mcpu=cortex-a9 -mfpu=vfpv3 -mfloat-abi=hard -I../../test_final_bsp/ps7_cortexa9_0/include -MMD -MP -MF"src/xuartlite_intr_example.d" -MT"src/xuartlite_intr_example.o" -o "src/xuartlite_intr_example.o" "../src/xuartlite_intr_example.c"
../src/xuartlite_intr_example.c:103:2: error: unknown type name 'XIntc'
  XIntc InterruptController;     /* The instance of the Interrupt Controller */
  ^~~~~
../src/xuartlite_intr_example.c: In function 'SetupInterruptSystem':
../src/xuartlite_intr_example.c:348:11: warning: implicit declaration of function 'XIntc_Initialize'; did you mean 'XUartLite_Initialize'? [-Wimplicit-function-declaration]
  Status = XIntc_Initialize(&InterruptController, INTC_DEVICE_ID);
           ^~~~~~~~~~~~~~~~
           XUartLite_Initialize
../src/xuartlite_intr_example.c:73:33: error: 'XPAR_INTC_0_DEVICE_ID' undeclared (first use in this function); did you mean 'XPAR_GPIO_0_DEVICE_ID'?
 #define INTC_DEVICE_ID          XPAR_INTC_0_DEVICE_ID
                                 ^
../src/xuartlite_intr_example.c:348:50: note: in expansion of macro 'INTC_DEVICE_ID'
  Status = XIntc_Initialize(&InterruptController, INTC_DEVICE_ID);
                                                  ^~~~~~~~~~~~~~
../src/xuartlite_intr_example.c:73:33: note: each undeclared identifier is reported only once for each function it appears in
 #define INTC_DEVICE_ID          XPAR_INTC_0_DEVICE_ID
                                 ^
../src/xuartlite_intr_example.c:348:50: note: in expansion of macro 'INTC_DEVICE_ID'
  Status = XIntc_Initialize(&InterruptController, INTC_DEVICE_ID);
                                                  ^~~~~~~~~~~~~~
../src/xuartlite_intr_example.c:359:11: warning: implicit declaration of function 'XIntc_Connect' [-Wimplicit-function-declaration]
  Status = XIntc_Connect(&InterruptController, UARTLITE_INT_IRQ_ID,
           ^~~~~~~~~~~~~
../src/xuartlite_intr_example.c:74:33: error: 'XPAR_INTC_0_UARTLITE_0_VEC_ID' undeclared (first use in this function); did you mean 'XPAR_FABRIC_UARTLITE_0_VEC_ID'?
 #define UARTLITE_INT_IRQ_ID     XPAR_INTC_0_UARTLITE_0_VEC_ID
                                 ^
../src/xuartlite_intr_example.c:359:47: note: in expansion of macro 'UARTLITE_INT_IRQ_ID'
  Status = XIntc_Connect(&InterruptController, UARTLITE_INT_IRQ_ID,
                                               ^~~~~~~~~~~~~~~~~~~
../src/xuartlite_intr_example.c:371:11: warning: implicit declaration of function 'XIntc_Start' [-Wimplicit-function-declaration]
  Status = XIntc_Start(&InterruptController, XIN_REAL_MODE);
           ^~~~~~~~~~~
../src/xuartlite_intr_example.c:371:45: error: 'XIN_REAL_MODE' undeclared (first use in this function)
  Status = XIntc_Start(&InterruptController, XIN_REAL_MODE);
                                             ^~~~~~~~~~~~~
../src/xuartlite_intr_example.c:379:2: warning: implicit declaration of function 'XIntc_Enable' [-Wimplicit-function-declaration]
  XIntc_Enable(&InterruptController, UARTLITE_INT_IRQ_ID);
  ^~~~~~~~~~~~
../src/xuartlite_intr_example.c:390:27: error: 'XIntc_InterruptHandler' undeclared (first use in this function); did you mean 'Xil_InterruptHandler'?
     (Xil_ExceptionHandler)XIntc_InterruptHandler,
                           ^~~~~~~~~~~~~~~~~~~~~~
                           Xil_InterruptHandler
make: *** [src/subdir.mk:23: src/xuartlite_intr_example.o] Error 1
20:30:48 **** Incremental Build of configuration Debug for project test_final ****
make pre-build main-build 
a9-linaro-pre-build-step
' '
make: Nothing to be done for 'main-build'.
20:39:51 **** Auto Build of configuration Debug for project test_final ****
make pre-build main-build 
a9-linaro-pre-build-step
' '
'Building file: ../src/helloworld.c'
'Invoking: ARM v7 gcc compiler'
arm-none-eabi-gcc -Wall -O0 -g3 -c -fmessage-length=0 -MT"src/helloworld.o" -mcpu=cortex-a9 -mfpu=vfpv3 -mfloat-abi=hard -I../../test_final_bsp/ps7_cortexa9_0/include -MMD -MP -MF"src/helloworld.d" -MT"src/helloworld.o" -o "src/helloworld.o" "../src/helloworld.c"
../src/helloworld.c:61:0: warning: "UART_DEVICE_ID" redefined
 #define UART_DEVICE_ID XPAR_UARTLITE_0_DEVICE_ID
 
In file included from ../src/platform.h:36:0,
                 from ../src/helloworld.c:49:
../src/platform_config.h:5:0: note: this is the location of the previous definition
 #define UART_DEVICE_ID 0
 
In file included from ../../test_final_bsp/ps7_cortexa9_0/include/xuartlite.h:160:0,
                 from ../src/helloworld.c:51:
../src/helloworld.c: In function 'init':
../../test_final_bsp/ps7_cortexa9_0/include/xstatus.h:61:41: warning: 'return' with a value, in function returning void
 #define XST_FAILURE                     1L
                                         ^
../src/helloworld.c:130:35: note: in expansion of macro 'XST_FAILURE'
  if(status != XST_SUCCESS) return XST_FAILURE;
                                   ^~~~~~~~~~~
../src/helloworld.c:123:6: note: declared here
 void init(void)
      ^~~~
'Finished building: ../src/helloworld.c'
' '
'Building target: test_final.elf'
'Invoking: ARM v7 gcc linker'
arm-none-eabi-gcc -mcpu=cortex-a9 -mfpu=vfpv3 -mfloat-abi=hard -Wl,-build-id=none -specs=Xilinx.spec -Wl,-T -Wl,../src/lscript.ld -L../../test_final_bsp/ps7_cortexa9_0/lib -o "test_final.elf"  ./src/ads8688.o ./src/helloworld.o ./src/platform.o ./src/utils.o ./src/wifi.o   -Wl,--start-group,-lxil,-lgcc,-lc,--end-group
'Finished building target: test_final.elf'
' '
'Invoking: ARM v7 Print Size'
arm-none-eabi-size test_final.elf  |tee "test_final.elf.size"
   text	   data	    bss	    dec	    hex	filename
  79808	   3556	  23584	 106948	  1a1c4	test_final.elf
'Finished building: test_final.elf.size'
' '
21:09:01 **** Auto Build of configuration Debug for project test_final ****
make pre-build main-build 
a9-linaro-pre-build-step
' '
'Building file: ../src/utils.c'
'Invoking: ARM v7 gcc compiler'
arm-none-eabi-gcc -Wall -O0 -g3 -c -fmessage-length=0 -MT"src/utils.o" -mcpu=cortex-a9 -mfpu=vfpv3 -mfloat-abi=hard -I../../test_final_bsp/ps7_cortexa9_0/include -MMD -MP -MF"src/utils.d" -MT"src/utils.o" -o "src/utils.o" "../src/utils.c"
../src/utils.c: In function 'zero_init':
../src/utils.c:22:6: warning: variable 'status' set but not used [-Wunused-but-set-variable]
  int status;
      ^~~~~~
'Finished building: ../src/utils.c'
' '
'Building target: test_final.elf'
'Invoking: ARM v7 gcc linker'
arm-none-eabi-gcc -mcpu=cortex-a9 -mfpu=vfpv3 -mfloat-abi=hard -Wl,-build-id=none -specs=Xilinx.spec -Wl,-T -Wl,../src/lscript.ld -L../../test_final_bsp/ps7_cortexa9_0/lib -o "test_final.elf"  ./src/ads8688.o ./src/helloworld.o ./src/platform.o ./src/utils.o ./src/wifi.o   -Wl,--start-group,-lxil,-lgcc,-lc,--end-group
'Finished building target: test_final.elf'
' '
'Invoking: ARM v7 Print Size'
arm-none-eabi-size test_final.elf  |tee "test_final.elf.size"
   text	   data	    bss	    dec	    hex	filename
  79872	   3556	  23584	 107012	  1a204	test_final.elf
'Finished building: test_final.elf.size'
' '
21:09:04 **** Auto Build of configuration Debug for project test_final ****
make pre-build main-build 
a9-linaro-pre-build-step
' '
'Building file: ../src/helloworld.c'
'Invoking: ARM v7 gcc compiler'
arm-none-eabi-gcc -Wall -O0 -g3 -c -fmessage-length=0 -MT"src/helloworld.o" -mcpu=cortex-a9 -mfpu=vfpv3 -mfloat-abi=hard -I../../test_final_bsp/ps7_cortexa9_0/include -MMD -MP -MF"src/helloworld.d" -MT"src/helloworld.o" -o "src/helloworld.o" "../src/helloworld.c"
../src/helloworld.c:61:0: warning: "UART_DEVICE_ID" redefined
 #define UART_DEVICE_ID XPAR_UARTLITE_0_DEVICE_ID
 
In file included from ../src/platform.h:36:0,
                 from ../src/helloworld.c:49:
../src/platform_config.h:5:0: note: this is the location of the previous definition
 #define UART_DEVICE_ID 0
 
In file included from ../../test_final_bsp/ps7_cortexa9_0/include/xuartlite.h:160:0,
                 from ../src/helloworld.c:51:
../src/helloworld.c: In function 'init':
../../test_final_bsp/ps7_cortexa9_0/include/xstatus.h:61:41: warning: 'return' with a value, in function returning void
 #define XST_FAILURE                     1L
                                         ^
../src/helloworld.c:130:35: note: in expansion of macro 'XST_FAILURE'
  if(status != XST_SUCCESS) return XST_FAILURE;
                                   ^~~~~~~~~~~
../src/helloworld.c:123:6: note: declared here
 void init(void)
      ^~~~
'Finished building: ../src/helloworld.c'
' '
'Building file: ../src/utils.c'
'Invoking: ARM v7 gcc compiler'
arm-none-eabi-gcc -Wall -O0 -g3 -c -fmessage-length=0 -MT"src/utils.o" -mcpu=cortex-a9 -mfpu=vfpv3 -mfloat-abi=hard -I../../test_final_bsp/ps7_cortexa9_0/include -MMD -MP -MF"src/utils.d" -MT"src/utils.o" -o "src/utils.o" "../src/utils.c"
../src/utils.c: In function 'zero_init':
../src/utils.c:22:6: warning: variable 'status' set but not used [-Wunused-but-set-variable]
  int status;
      ^~~~~~
'Finished building: ../src/utils.c'
' '
'Building file: ../src/wifi.c'
'Invoking: ARM v7 gcc compiler'
arm-none-eabi-gcc -Wall -O0 -g3 -c -fmessage-length=0 -MT"src/wifi.o" -mcpu=cortex-a9 -mfpu=vfpv3 -mfloat-abi=hard -I../../test_final_bsp/ps7_cortexa9_0/include -MMD -MP -MF"src/wifi.d" -MT"src/wifi.o" -o "src/wifi.o" "../src/wifi.c"
In file included from ../../test_final_bsp/ps7_cortexa9_0/include/xuartlite.h:160:0,
                 from ../src/wifi.h:18,
                 from ../src/wifi.c:7:
../src/wifi.c: In function 'uart_init':
../../test_final_bsp/ps7_cortexa9_0/include/xstatus.h:61:41: warning: 'return' with a value, in function returning void
 #define XST_FAILURE                     1L
                                         ^
../src/wifi.c:30:16: note: in expansion of macro 'XST_FAILURE'
         return XST_FAILURE;
                ^~~~~~~~~~~
../src/wifi.c:25:6: note: declared here
 void uart_init(u16 device_id)
      ^~~~~~~~~
../src/wifi.c: In function 'send':
../src/wifi.c:116:9: warning: value computed is not used [-Wunused-value]
         *str++;
         ^~~~~~
'Finished building: ../src/wifi.c'
' '
'Building target: test_final.elf'
'Invoking: ARM v7 gcc linker'
arm-none-eabi-gcc -mcpu=cortex-a9 -mfpu=vfpv3 -mfloat-abi=hard -Wl,-build-id=none -specs=Xilinx.spec -Wl,-T -Wl,../src/lscript.ld -L../../test_final_bsp/ps7_cortexa9_0/lib -o "test_final.elf"  ./src/ads8688.o ./src/helloworld.o ./src/platform.o ./src/utils.o ./src/wifi.o   -Wl,--start-group,-lxil,-lgcc,-lc,--end-group
'Finished building target: test_final.elf'
' '
'Invoking: ARM v7 Print Size'
arm-none-eabi-size test_final.elf  |tee "test_final.elf.size"
   text	   data	    bss	    dec	    hex	filename
  79872	   3556	  23584	 107012	  1a204	test_final.elf
'Finished building: test_final.elf.size'
' '
21:09:06 **** Auto Build of configuration Debug for project test_final ****
make pre-build main-build 
a9-linaro-pre-build-step
' '
'Building file: ../src/helloworld.c'
'Invoking: ARM v7 gcc compiler'
arm-none-eabi-gcc -Wall -O0 -g3 -c -fmessage-length=0 -MT"src/helloworld.o" -mcpu=cortex-a9 -mfpu=vfpv3 -mfloat-abi=hard -I../../test_final_bsp/ps7_cortexa9_0/include -MMD -MP -MF"src/helloworld.d" -MT"src/helloworld.o" -o "src/helloworld.o" "../src/helloworld.c"
../src/helloworld.c:61:0: warning: "UART_DEVICE_ID" redefined
 #define UART_DEVICE_ID XPAR_UARTLITE_0_DEVICE_ID
 
In file included from ../src/platform.h:36:0,
                 from ../src/helloworld.c:49:
../src/platform_config.h:5:0: note: this is the location of the previous definition
 #define UART_DEVICE_ID 0
 
../src/helloworld.c: In function 'init':
../src/helloworld.c:128:2: warning: statement with no effect [-Wunused-value]
  delay
  ^~~~~
../src/helloworld.c:129:2: error: expected ';' before 'int'
  int status;
  ^~~
../src/helloworld.c:130:2: error: 'status' undeclared (first use in this function); did you mean 'XStatus'?
  status = int_init(INT_DEVICE_ID,&UartLiteInst);
  ^~~~~~
  XStatus
../src/helloworld.c:130:2: note: each undeclared identifier is reported only once for each function it appears in
In file included from ../../test_final_bsp/ps7_cortexa9_0/include/xuartlite.h:160:0,
                 from ../src/helloworld.c:51:
../../test_final_bsp/ps7_cortexa9_0/include/xstatus.h:61:41: warning: 'return' with a value, in function returning void
 #define XST_FAILURE                     1L
                                         ^
../src/helloworld.c:131:35: note: in expansion of macro 'XST_FAILURE'
  if(status != XST_SUCCESS) return XST_FAILURE;
                                   ^~~~~~~~~~~
../src/helloworld.c:123:6: note: declared here
 void init(void)
      ^~~~
make: *** [src/subdir.mk:35: src/helloworld.o] Error 1
21:09:10 **** Auto Build of configuration Debug for project test_final ****
make pre-build main-build 
a9-linaro-pre-build-step
' '
'Building file: ../src/helloworld.c'
'Invoking: ARM v7 gcc compiler'
arm-none-eabi-gcc -Wall -O0 -g3 -c -fmessage-length=0 -MT"src/helloworld.o" -mcpu=cortex-a9 -mfpu=vfpv3 -mfloat-abi=hard -I../../test_final_bsp/ps7_cortexa9_0/include -MMD -MP -MF"src/helloworld.d" -MT"src/helloworld.o" -o "src/helloworld.o" "../src/helloworld.c"
../src/helloworld.c:61:0: warning: "UART_DEVICE_ID" redefined
 #define UART_DEVICE_ID XPAR_UARTLITE_0_DEVICE_ID
 
In file included from ../src/platform.h:36:0,
                 from ../src/helloworld.c:49:
../src/platform_config.h:5:0: note: this is the location of the previous definition
 #define UART_DEVICE_ID 0
 
../src/helloworld.c: In function 'init':
../src/helloworld.c:129:2: error: expected ';' before 'int'
  int status;
  ^~~
../src/helloworld.c:130:2: error: 'status' undeclared (first use in this function); did you mean 'XStatus'?
  status = int_init(INT_DEVICE_ID,&UartLiteInst);
  ^~~~~~
  XStatus
../src/helloworld.c:130:2: note: each undeclared identifier is reported only once for each function it appears in
In file included from ../../test_final_bsp/ps7_cortexa9_0/include/xuartlite.h:160:0,
                 from ../src/helloworld.c:51:
../../test_final_bsp/ps7_cortexa9_0/include/xstatus.h:61:41: warning: 'return' with a value, in function returning void
 #define XST_FAILURE                     1L
                                         ^
../src/helloworld.c:131:35: note: in expansion of macro 'XST_FAILURE'
  if(status != XST_SUCCESS) return XST_FAILURE;
                                   ^~~~~~~~~~~
../src/helloworld.c:123:6: note: declared here
 void init(void)
      ^~~~
make: *** [src/subdir.mk:35: src/helloworld.o] Error 1
21:09:12 **** Auto Build of configuration Debug for project test_final ****
make pre-build main-build 
a9-linaro-pre-build-step
' '
'Building file: ../src/helloworld.c'
'Invoking: ARM v7 gcc compiler'
arm-none-eabi-gcc -Wall -O0 -g3 -c -fmessage-length=0 -MT"src/helloworld.o" -mcpu=cortex-a9 -mfpu=vfpv3 -mfloat-abi=hard -I../../test_final_bsp/ps7_cortexa9_0/include -MMD -MP -MF"src/helloworld.d" -MT"src/helloworld.o" -o "src/helloworld.o" "../src/helloworld.c"
../src/helloworld.c:61:0: warning: "UART_DEVICE_ID" redefined
 #define UART_DEVICE_ID XPAR_UARTLITE_0_DEVICE_ID
 
In file included from ../src/platform.h:36:0,
                 from ../src/helloworld.c:49:
../src/platform_config.h:5:0: note: this is the location of the previous definition
 #define UART_DEVICE_ID 0
 
In file included from ../../test_final_bsp/ps7_cortexa9_0/include/xuartlite.h:160:0,
                 from ../src/helloworld.c:51:
../src/helloworld.c: In function 'init':
../../test_final_bsp/ps7_cortexa9_0/include/xstatus.h:61:41: warning: 'return' with a value, in function returning void
 #define XST_FAILURE                     1L
                                         ^
../src/helloworld.c:131:35: note: in expansion of macro 'XST_FAILURE'
  if(status != XST_SUCCESS) return XST_FAILURE;
                                   ^~~~~~~~~~~
../src/helloworld.c:123:6: note: declared here
 void init(void)
      ^~~~
'Finished building: ../src/helloworld.c'
' '
'Building target: test_final.elf'
'Invoking: ARM v7 gcc linker'
arm-none-eabi-gcc -mcpu=cortex-a9 -mfpu=vfpv3 -mfloat-abi=hard -Wl,-build-id=none -specs=Xilinx.spec -Wl,-T -Wl,../src/lscript.ld -L../../test_final_bsp/ps7_cortexa9_0/lib -o "test_final.elf"  ./src/ads8688.o ./src/helloworld.o ./src/platform.o ./src/utils.o ./src/wifi.o   -Wl,--start-group,-lxil,-lgcc,-lc,--end-group
'Finished building target: test_final.elf'
' '
'Invoking: ARM v7 Print Size'
arm-none-eabi-size test_final.elf  |tee "test_final.elf.size"
   text	   data	    bss	    dec	    hex	filename
  79872	   3556	  23584	 107012	  1a204	test_final.elf
'Finished building: test_final.elf.size'
' '
21:09:54 **** Incremental Build of configuration Debug for project test_final ****
make pre-build main-build 
a9-linaro-pre-build-step
' '
make: Nothing to be done for 'main-build'.
21:10:42 **** Incremental Build of configuration Debug for project test_final ****
make pre-build main-build 
a9-linaro-pre-build-step
' '
make: Nothing to be done for 'main-build'.
21:16:18 **** Auto Build of configuration Debug for project test_final ****
make pre-build main-build 
a9-linaro-pre-build-step
' '
'Building file: ../src/utils.c'
'Invoking: ARM v7 gcc compiler'
arm-none-eabi-gcc -Wall -O0 -g3 -c -fmessage-length=0 -MT"src/utils.o" -mcpu=cortex-a9 -mfpu=vfpv3 -mfloat-abi=hard -I../../test_final_bsp/ps7_cortexa9_0/include -MMD -MP -MF"src/utils.d" -MT"src/utils.o" -o "src/utils.o" "../src/utils.c"
../src/utils.c: In function 'zero_init':
../src/utils.c:22:6: warning: variable 'status' set but not used [-Wunused-but-set-variable]
  int status;
      ^~~~~~
'Finished building: ../src/utils.c'
' '
'Building target: test_final.elf'
'Invoking: ARM v7 gcc linker'
arm-none-eabi-gcc -mcpu=cortex-a9 -mfpu=vfpv3 -mfloat-abi=hard -Wl,-build-id=none -specs=Xilinx.spec -Wl,-T -Wl,../src/lscript.ld -L../../test_final_bsp/ps7_cortexa9_0/lib -o "test_final.elf"  ./src/ads8688.o ./src/helloworld.o ./src/platform.o ./src/utils.o ./src/wifi.o   -Wl,--start-group,-lxil,-lgcc,-lc,--end-group
'Finished building target: test_final.elf'
' '
'Invoking: ARM v7 Print Size'
arm-none-eabi-size test_final.elf  |tee "test_final.elf.size"
   text	   data	    bss	    dec	    hex	filename
  79872	   3556	  23584	 107012	  1a204	test_final.elf
'Finished building: test_final.elf.size'
' '
21:18:11 **** Incremental Build of configuration Debug for project test_final ****
make pre-build main-build 
a9-linaro-pre-build-step
' '
'Building file: ../src/helloworld.c'
'Invoking: ARM v7 gcc compiler'
arm-none-eabi-gcc -Wall -O0 -g3 -c -fmessage-length=0 -MT"src/helloworld.o" -mcpu=cortex-a9 -mfpu=vfpv3 -mfloat-abi=hard -I../../test_final_bsp/ps7_cortexa9_0/include -MMD -MP -MF"src/helloworld.d" -MT"src/helloworld.o" -o "src/helloworld.o" "../src/helloworld.c"
../src/helloworld.c:61:0: warning: "UART_DEVICE_ID" redefined
 #define UART_DEVICE_ID XPAR_UARTLITE_0_DEVICE_ID
 
In file included from ../src/platform.h:36:0,
                 from ../src/helloworld.c:49:
../src/platform_config.h:5:0: note: this is the location of the previous definition
 #define UART_DEVICE_ID 0
 
In file included from ../../test_final_bsp/ps7_cortexa9_0/include/xuartlite.h:160:0,
                 from ../src/helloworld.c:51:
../src/helloworld.c: In function 'init':
../../test_final_bsp/ps7_cortexa9_0/include/xstatus.h:61:41: warning: 'return' with a value, in function returning void
 #define XST_FAILURE                     1L
                                         ^
../src/helloworld.c:131:35: note: in expansion of macro 'XST_FAILURE'
  if(status != XST_SUCCESS) return XST_FAILURE;
                                   ^~~~~~~~~~~
../src/helloworld.c:123:6: note: declared here
 void init(void)
      ^~~~
'Finished building: ../src/helloworld.c'
' '
'Building target: test_final.elf'
'Invoking: ARM v7 gcc linker'
arm-none-eabi-gcc -mcpu=cortex-a9 -mfpu=vfpv3 -mfloat-abi=hard -Wl,-build-id=none -specs=Xilinx.spec -Wl,-T -Wl,../src/lscript.ld -L../../test_final_bsp/ps7_cortexa9_0/lib -o "test_final.elf"  ./src/ads8688.o ./src/helloworld.o ./src/platform.o ./src/utils.o ./src/wifi.o   -Wl,--start-group,-lxil,-lgcc,-lc,--end-group
'Finished building target: test_final.elf'
' '
'Invoking: ARM v7 Print Size'
arm-none-eabi-size test_final.elf  |tee "test_final.elf.size"
   text	   data	    bss	    dec	    hex	filename
  79872	   3556	  23584	 107012	  1a204	test_final.elf
'Finished building: test_final.elf.size'
' '
14:59:50 **** Clean-only build of project test2_bsp ****
make -k clean 
make -C ps7_cortexa9_0/libsrc/coresightps_dcc_v1_4/src -s clean 
make -C ps7_cortexa9_0/libsrc/cpu_cortexa9_v2_7/src -s clean 
make -C ps7_cortexa9_0/libsrc/ddrps_v1_0/src -s clean 
make -C ps7_cortexa9_0/libsrc/devcfg_v3_5/src -s clean 
make -C ps7_cortexa9_0/libsrc/dmaps_v2_4/src -s clean 
make -C ps7_cortexa9_0/libsrc/emacps_v3_8/src -s clean 
make -C ps7_cortexa9_0/libsrc/gpiops_v3_4/src -s clean 
make -C ps7_cortexa9_0/libsrc/gpio_v4_3/src -s clean 
make -C ps7_cortexa9_0/libsrc/qspips_v3_5/src -s clean 
make -C ps7_cortexa9_0/libsrc/scugic_v3_10/src -s clean 
make -C ps7_cortexa9_0/libsrc/scutimer_v2_1/src -s clean 
make -C ps7_cortexa9_0/libsrc/scuwdt_v2_1/src -s clean 
make -C ps7_cortexa9_0/libsrc/sdps_v3_6/src -s clean 
make -C ps7_cortexa9_0/libsrc/standalone_v6_8/src -s clean 
make -C ps7_cortexa9_0/libsrc/uartlite_v3_2/src -s clean 
make -C ps7_cortexa9_0/libsrc/uartps_v3_7/src -s clean 
make -C ps7_cortexa9_0/libsrc/usbps_v2_4/src -s clean 
make -C ps7_cortexa9_0/libsrc/xadcps_v2_3/src -s clean 
rm -f ps7_cortexa9_0/lib/libxil.a
14:59:53 **** Clean-only build of project test_final_bsp ****
make -k clean 
make -C ps7_cortexa9_0/libsrc/coresightps_dcc_v1_4/src -s clean 
make -C ps7_cortexa9_0/libsrc/cpu_cortexa9_v2_7/src -s clean 
make -C ps7_cortexa9_0/libsrc/ddrps_v1_0/src -s clean 
make -C ps7_cortexa9_0/libsrc/devcfg_v3_5/src -s clean 
make -C ps7_cortexa9_0/libsrc/dmaps_v2_4/src -s clean 
make -C ps7_cortexa9_0/libsrc/emacps_v3_8/src -s clean 
make -C ps7_cortexa9_0/libsrc/gpiops_v3_4/src -s clean 
make -C ps7_cortexa9_0/libsrc/gpio_v4_3/src -s clean 
make -C ps7_cortexa9_0/libsrc/qspips_v3_5/src -s clean 
make -C ps7_cortexa9_0/libsrc/scugic_v3_10/src -s clean 
make -C ps7_cortexa9_0/libsrc/scutimer_v2_1/src -s clean 
make -C ps7_cortexa9_0/libsrc/scuwdt_v2_1/src -s clean 
make -C ps7_cortexa9_0/libsrc/sdps_v3_6/src -s clean 
make -C ps7_cortexa9_0/libsrc/standalone_v6_8/src -s clean 
make -C ps7_cortexa9_0/libsrc/uartlite_v3_2/src -s clean 
make -C ps7_cortexa9_0/libsrc/uartps_v3_7/src -s clean 
make -C ps7_cortexa9_0/libsrc/usbps_v2_4/src -s clean 
make -C ps7_cortexa9_0/libsrc/xadcps_v2_3/src -s clean 
rm -f ps7_cortexa9_0/lib/libxil.a
14:59:55 **** Clean-only build of configuration Debug for project test2 ****
make clean 
rm -rf  ./src/ads8688.o ./src/helloworld.o ./src/platform.o ./src/utils.o ./src/wifi.o  ./src/ads8688.d ./src/helloworld.d ./src/platform.d ./src/utils.d ./src/wifi.d  test2.elf.size  test2.elf
' '
14:59:55 **** Clean-only build of configuration Debug for project test_final ****
make clean 
rm -rf  ./src/ads8688.o ./src/helloworld.o ./src/platform.o ./src/utils.o ./src/wifi.o  ./src/ads8688.d ./src/helloworld.d ./src/platform.d ./src/utils.d ./src/wifi.d  test_final.elf.size  test_final.elf
' '
14:59:56 **** Clean-only build of configuration Debug for project test_final_bsp_xuartlite_intr_example_1 ****
make clean 
rm -rf  ./src/xuartlite_intr_example.o  ./src/xuartlite_intr_example.d  test_final_bsp_xuartlite_intr_example_1.elf.size  test_final_bsp_xuartlite_intr_example_1.elf
' '
14:59:57 **** Build of project test2_bsp ****
make -k all 
"Running Make include in ps7_cortexa9_0/libsrc/coresightps_dcc_v1_4/src"
make -C ps7_cortexa9_0/libsrc/coresightps_dcc_v1_4/src -s include  "SHELL=CMD" "COMPILER=arm-none-eabi-gcc" "ARCHIVER=arm-none-eabi-ar" "COMPILER_FLAGS=  -O2 -c" "EXTRA_COMPILER_FLAGS=-mcpu=cortex-a9 -mfpu=vfpv3 -mfloat-abi=hard -nostartfiles -g -Wall -Wextra"
"Running Make include in ps7_cortexa9_0/libsrc/cpu_cortexa9_v2_7/src"
make -C ps7_cortexa9_0/libsrc/cpu_cortexa9_v2_7/src -s include  "SHELL=CMD" "COMPILER=arm-none-eabi-gcc" "ARCHIVER=arm-none-eabi-ar" "COMPILER_FLAGS=  -O2 -c" "EXTRA_COMPILER_FLAGS=-mcpu=cortex-a9 -mfpu=vfpv3 -mfloat-abi=hard -nostartfiles -g -Wall -Wextra"
"Running Make include in ps7_cortexa9_0/libsrc/ddrps_v1_0/src"
make -C ps7_cortexa9_0/libsrc/ddrps_v1_0/src -s include  "SHELL=CMD" "COMPILER=arm-none-eabi-gcc" "ARCHIVER=arm-none-eabi-ar" "COMPILER_FLAGS=  -O2 -c" "EXTRA_COMPILER_FLAGS=-mcpu=cortex-a9 -mfpu=vfpv3 -mfloat-abi=hard -nostartfiles -g -Wall -Wextra"
"Running Make include in ps7_cortexa9_0/libsrc/devcfg_v3_5/src"
make -C ps7_cortexa9_0/libsrc/devcfg_v3_5/src -s include  "SHELL=CMD" "COMPILER=arm-none-eabi-gcc" "ARCHIVER=arm-none-eabi-ar" "COMPILER_FLAGS=  -O2 -c" "EXTRA_COMPILER_FLAGS=-mcpu=cortex-a9 -mfpu=vfpv3 -mfloat-abi=hard -nostartfiles -g -Wall -Wextra"
"Running Make include in ps7_cortexa9_0/libsrc/dmaps_v2_4/src"
make -C ps7_cortexa9_0/libsrc/dmaps_v2_4/src -s include  "SHELL=CMD" "COMPILER=arm-none-eabi-gcc" "ARCHIVER=arm-none-eabi-ar" "COMPILER_FLAGS=  -O2 -c" "EXTRA_COMPILER_FLAGS=-mcpu=cortex-a9 -mfpu=vfpv3 -mfloat-abi=hard -nostartfiles -g -Wall -Wextra"
"Running Make include in ps7_cortexa9_0/libsrc/emacps_v3_8/src"
make -C ps7_cortexa9_0/libsrc/emacps_v3_8/src -s include  "SHELL=CMD" "COMPILER=arm-none-eabi-gcc" "ARCHIVER=arm-none-eabi-ar" "COMPILER_FLAGS=  -O2 -c" "EXTRA_COMPILER_FLAGS=-mcpu=cortex-a9 -mfpu=vfpv3 -mfloat-abi=hard -nostartfiles -g -Wall -Wextra"
"Running Make include in ps7_cortexa9_0/libsrc/gpiops_v3_4/src"
make -C ps7_cortexa9_0/libsrc/gpiops_v3_4/src -s include  "SHELL=CMD" "COMPILER=arm-none-eabi-gcc" "ARCHIVER=arm-none-eabi-ar" "COMPILER_FLAGS=  -O2 -c" "EXTRA_COMPILER_FLAGS=-mcpu=cortex-a9 -mfpu=vfpv3 -mfloat-abi=hard -nostartfiles -g -Wall -Wextra"
"Running Make include in ps7_cortexa9_0/libsrc/gpio_v4_3/src"
make -C ps7_cortexa9_0/libsrc/gpio_v4_3/src -s include  "SHELL=CMD" "COMPILER=arm-none-eabi-gcc" "ARCHIVER=arm-none-eabi-ar" "COMPILER_FLAGS=  -O2 -c" "EXTRA_COMPILER_FLAGS=-mcpu=cortex-a9 -mfpu=vfpv3 -mfloat-abi=hard -nostartfiles -g -Wall -Wextra"
"Running Make include in ps7_cortexa9_0/libsrc/qspips_v3_5/src"
make -C ps7_cortexa9_0/libsrc/qspips_v3_5/src -s include  "SHELL=CMD" "COMPILER=arm-none-eabi-gcc" "ARCHIVER=arm-none-eabi-ar" "COMPILER_FLAGS=  -O2 -c" "EXTRA_COMPILER_FLAGS=-mcpu=cortex-a9 -mfpu=vfpv3 -mfloat-abi=hard -nostartfiles -g -Wall -Wextra"
"Running Make include in ps7_cortexa9_0/libsrc/scugic_v3_10/src"
make -C ps7_cortexa9_0/libsrc/scugic_v3_10/src -s include  "SHELL=CMD" "COMPILER=arm-none-eabi-gcc" "ARCHIVER=arm-none-eabi-ar" "COMPILER_FLAGS=  -O2 -c" "EXTRA_COMPILER_FLAGS=-mcpu=cortex-a9 -mfpu=vfpv3 -mfloat-abi=hard -nostartfiles -g -Wall -Wextra"
"Running Make include in ps7_cortexa9_0/libsrc/scutimer_v2_1/src"
make -C ps7_cortexa9_0/libsrc/scutimer_v2_1/src -s include  "SHELL=CMD" "COMPILER=arm-none-eabi-gcc" "ARCHIVER=arm-none-eabi-ar" "COMPILER_FLAGS=  -O2 -c" "EXTRA_COMPILER_FLAGS=-mcpu=cortex-a9 -mfpu=vfpv3 -mfloat-abi=hard -nostartfiles -g -Wall -Wextra"
"Running Make include in ps7_cortexa9_0/libsrc/scuwdt_v2_1/src"
make -C ps7_cortexa9_0/libsrc/scuwdt_v2_1/src -s include  "SHELL=CMD" "COMPILER=arm-none-eabi-gcc" "ARCHIVER=arm-none-eabi-ar" "COMPILER_FLAGS=  -O2 -c" "EXTRA_COMPILER_FLAGS=-mcpu=cortex-a9 -mfpu=vfpv3 -mfloat-abi=hard -nostartfiles -g -Wall -Wextra"
"Running Make include in ps7_cortexa9_0/libsrc/sdps_v3_6/src"
make -C ps7_cortexa9_0/libsrc/sdps_v3_6/src -s include  "SHELL=CMD" "COMPILER=arm-none-eabi-gcc" "ARCHIVER=arm-none-eabi-ar" "COMPILER_FLAGS=  -O2 -c" "EXTRA_COMPILER_FLAGS=-mcpu=cortex-a9 -mfpu=vfpv3 -mfloat-abi=hard -nostartfiles -g -Wall -Wextra"
"Running Make include in ps7_cortexa9_0/libsrc/standalone_v6_8/src"
make -C ps7_cortexa9_0/libsrc/standalone_v6_8/src -s include  "SHELL=CMD" "COMPILER=arm-none-eabi-gcc" "ARCHIVER=arm-none-eabi-ar" "COMPILER_FLAGS=  -O2 -c" "EXTRA_COMPILER_FLAGS=-mcpu=cortex-a9 -mfpu=vfpv3 -mfloat-abi=hard -nostartfiles -g -Wall -Wextra"
"Running Make include in ps7_cortexa9_0/libsrc/uartlite_v3_2/src"
make -C ps7_cortexa9_0/libsrc/uartlite_v3_2/src -s include  "SHELL=CMD" "COMPILER=arm-none-eabi-gcc" "ARCHIVER=arm-none-eabi-ar" "COMPILER_FLAGS=  -O2 -c" "EXTRA_COMPILER_FLAGS=-mcpu=cortex-a9 -mfpu=vfpv3 -mfloat-abi=hard -nostartfiles -g -Wall -Wextra"
"Running Make include in ps7_cortexa9_0/libsrc/uartps_v3_7/src"
make -C ps7_cortexa9_0/libsrc/uartps_v3_7/src -s include  "SHELL=CMD" "COMPILER=arm-none-eabi-gcc" "ARCHIVER=arm-none-eabi-ar" "COMPILER_FLAGS=  -O2 -c" "EXTRA_COMPILER_FLAGS=-mcpu=cortex-a9 -mfpu=vfpv3 -mfloat-abi=hard -nostartfiles -g -Wall -Wextra"
"Running Make include in ps7_cortexa9_0/libsrc/usbps_v2_4/src"
make -C ps7_cortexa9_0/libsrc/usbps_v2_4/src -s include  "SHELL=CMD" "COMPILER=arm-none-eabi-gcc" "ARCHIVER=arm-none-eabi-ar" "COMPILER_FLAGS=  -O2 -c" "EXTRA_COMPILER_FLAGS=-mcpu=cortex-a9 -mfpu=vfpv3 -mfloat-abi=hard -nostartfiles -g -Wall -Wextra"
"Running Make include in ps7_cortexa9_0/libsrc/xadcps_v2_3/src"
make -C ps7_cortexa9_0/libsrc/xadcps_v2_3/src -s include  "SHELL=CMD" "COMPILER=arm-none-eabi-gcc" "ARCHIVER=arm-none-eabi-ar" "COMPILER_FLAGS=  -O2 -c" "EXTRA_COMPILER_FLAGS=-mcpu=cortex-a9 -mfpu=vfpv3 -mfloat-abi=hard -nostartfiles -g -Wall -Wextra"
"Running Make libs in ps7_cortexa9_0/libsrc/coresightps_dcc_v1_4/src"
make -C ps7_cortexa9_0/libsrc/coresightps_dcc_v1_4/src -s libs  "SHELL=CMD" "COMPILER=arm-none-eabi-gcc" "ARCHIVER=arm-none-eabi-ar" "COMPILER_FLAGS=  -O2 -c" "EXTRA_COMPILER_FLAGS=-mcpu=cortex-a9 -mfpu=vfpv3 -mfloat-abi=hard -nostartfiles -g -Wall -Wextra"
"Compiling coresightps_dcc"
arm-none-eabi-ar: creating ../../../lib/libxil.a
"Running Make libs in ps7_cortexa9_0/libsrc/cpu_cortexa9_v2_7/src"
make -C ps7_cortexa9_0/libsrc/cpu_cortexa9_v2_7/src -s libs  "SHELL=CMD" "COMPILER=arm-none-eabi-gcc" "ARCHIVER=arm-none-eabi-ar" "COMPILER_FLAGS=  -O2 -c" "EXTRA_COMPILER_FLAGS=-mcpu=cortex-a9 -mfpu=vfpv3 -mfloat-abi=hard -nostartfiles -g -Wall -Wextra"
"Compiling cpu_cortexa9"
"Running Make libs in ps7_cortexa9_0/libsrc/ddrps_v1_0/src"
make -C ps7_cortexa9_0/libsrc/ddrps_v1_0/src -s libs  "SHELL=CMD" "COMPILER=arm-none-eabi-gcc" "ARCHIVER=arm-none-eabi-ar" "COMPILER_FLAGS=  -O2 -c" "EXTRA_COMPILER_FLAGS=-mcpu=cortex-a9 -mfpu=vfpv3 -mfloat-abi=hard -nostartfiles -g -Wall -Wextra"
"Compiling ddrps"
"Running Make libs in ps7_cortexa9_0/libsrc/devcfg_v3_5/src"
make -C ps7_cortexa9_0/libsrc/devcfg_v3_5/src -s libs  "SHELL=CMD" "COMPILER=arm-none-eabi-gcc" "ARCHIVER=arm-none-eabi-ar" "COMPILER_FLAGS=  -O2 -c" "EXTRA_COMPILER_FLAGS=-mcpu=cortex-a9 -mfpu=vfpv3 -mfloat-abi=hard -nostartfiles -g -Wall -Wextra"
"Compiling devcfg"
"Running Make libs in ps7_cortexa9_0/libsrc/dmaps_v2_4/src"
make -C ps7_cortexa9_0/libsrc/dmaps_v2_4/src -s libs  "SHELL=CMD" "COMPILER=arm-none-eabi-gcc" "ARCHIVER=arm-none-eabi-ar" "COMPILER_FLAGS=  -O2 -c" "EXTRA_COMPILER_FLAGS=-mcpu=cortex-a9 -mfpu=vfpv3 -mfloat-abi=hard -nostartfiles -g -Wall -Wextra"
"Compiling dmaps"
"Running Make libs in ps7_cortexa9_0/libsrc/emacps_v3_8/src"
make -C ps7_cortexa9_0/libsrc/emacps_v3_8/src -s libs  "SHELL=CMD" "COMPILER=arm-none-eabi-gcc" "ARCHIVER=arm-none-eabi-ar" "COMPILER_FLAGS=  -O2 -c" "EXTRA_COMPILER_FLAGS=-mcpu=cortex-a9 -mfpu=vfpv3 -mfloat-abi=hard -nostartfiles -g -Wall -Wextra"
"Compiling emacps"
"Running Make libs in ps7_cortexa9_0/libsrc/gpiops_v3_4/src"
make -C ps7_cortexa9_0/libsrc/gpiops_v3_4/src -s libs  "SHELL=CMD" "COMPILER=arm-none-eabi-gcc" "ARCHIVER=arm-none-eabi-ar" "COMPILER_FLAGS=  -O2 -c" "EXTRA_COMPILER_FLAGS=-mcpu=cortex-a9 -mfpu=vfpv3 -mfloat-abi=hard -nostartfiles -g -Wall -Wextra"
"Compiling gpiops"
"Running Make libs in ps7_cortexa9_0/libsrc/gpio_v4_3/src"
make -C ps7_cortexa9_0/libsrc/gpio_v4_3/src -s libs  "SHELL=CMD" "COMPILER=arm-none-eabi-gcc" "ARCHIVER=arm-none-eabi-ar" "COMPILER_FLAGS=  -O2 -c" "EXTRA_COMPILER_FLAGS=-mcpu=cortex-a9 -mfpu=vfpv3 -mfloat-abi=hard -nostartfiles -g -Wall -Wextra"
"Compiling gpio"
"Running Make libs in ps7_cortexa9_0/libsrc/qspips_v3_5/src"
make -C ps7_cortexa9_0/libsrc/qspips_v3_5/src -s libs  "SHELL=CMD" "COMPILER=arm-none-eabi-gcc" "ARCHIVER=arm-none-eabi-ar" "COMPILER_FLAGS=  -O2 -c" "EXTRA_COMPILER_FLAGS=-mcpu=cortex-a9 -mfpu=vfpv3 -mfloat-abi=hard -nostartfiles -g -Wall -Wextra"
"Compiling qspips"
"Running Make libs in ps7_cortexa9_0/libsrc/scugic_v3_10/src"
make -C ps7_cortexa9_0/libsrc/scugic_v3_10/src -s libs  "SHELL=CMD" "COMPILER=arm-none-eabi-gcc" "ARCHIVER=arm-none-eabi-ar" "COMPILER_FLAGS=  -O2 -c" "EXTRA_COMPILER_FLAGS=-mcpu=cortex-a9 -mfpu=vfpv3 -mfloat-abi=hard -nostartfiles -g -Wall -Wextra"
"Compiling scugic"
"Running Make libs in ps7_cortexa9_0/libsrc/scutimer_v2_1/src"
make -C ps7_cortexa9_0/libsrc/scutimer_v2_1/src -s libs  "SHELL=CMD" "COMPILER=arm-none-eabi-gcc" "ARCHIVER=arm-none-eabi-ar" "COMPILER_FLAGS=  -O2 -c" "EXTRA_COMPILER_FLAGS=-mcpu=cortex-a9 -mfpu=vfpv3 -mfloat-abi=hard -nostartfiles -g -Wall -Wextra"
"Compiling scutimer"
"Running Make libs in ps7_cortexa9_0/libsrc/scuwdt_v2_1/src"
make -C ps7_cortexa9_0/libsrc/scuwdt_v2_1/src -s libs  "SHELL=CMD" "COMPILER=arm-none-eabi-gcc" "ARCHIVER=arm-none-eabi-ar" "COMPILER_FLAGS=  -O2 -c" "EXTRA_COMPILER_FLAGS=-mcpu=cortex-a9 -mfpu=vfpv3 -mfloat-abi=hard -nostartfiles -g -Wall -Wextra"
"Compiling scuwdt"
"Running Make libs in ps7_cortexa9_0/libsrc/sdps_v3_6/src"
make -C ps7_cortexa9_0/libsrc/sdps_v3_6/src -s libs  "SHELL=CMD" "COMPILER=arm-none-eabi-gcc" "ARCHIVER=arm-none-eabi-ar" "COMPILER_FLAGS=  -O2 -c" "EXTRA_COMPILER_FLAGS=-mcpu=cortex-a9 -mfpu=vfpv3 -mfloat-abi=hard -nostartfiles -g -Wall -Wextra"
"Compiling sdps"
"Running Make libs in ps7_cortexa9_0/libsrc/standalone_v6_8/src"
make -C ps7_cortexa9_0/libsrc/standalone_v6_8/src -s libs  "SHELL=CMD" "COMPILER=arm-none-eabi-gcc" "ARCHIVER=arm-none-eabi-ar" "COMPILER_FLAGS=  -O2 -c" "EXTRA_COMPILER_FLAGS=-mcpu=cortex-a9 -mfpu=vfpv3 -mfloat-abi=hard -nostartfiles -g -Wall -Wextra"
"Compiling standalone"
In file included from usleep.c:56:0:
xtime_l.h:87:9: note: #pragma message: For the sleep routines, Global timer is being used
 #pragma message ("For the sleep routines, Global timer is being used")
         ^~~~~~~
In file included from xil_sleeptimer.c:51:0:
xtime_l.h:87:9: note: #pragma message: For the sleep routines, Global timer is being used
 #pragma message ("For the sleep routines, Global timer is being used")
         ^~~~~~~
In file included from xtime_l.c:49:0:
xtime_l.h:87:9: note: #pragma message: For the sleep routines, Global timer is being used
 #pragma message ("For the sleep routines, Global timer is being used")
         ^~~~~~~
In file included from sleep.c:53:0:
xtime_l.h:87:9: note: #pragma message: For the sleep routines, Global timer is being used
 #pragma message ("For the sleep routines, Global timer is being used")
         ^~~~~~~
"Running Make libs in ps7_cortexa9_0/libsrc/uartlite_v3_2/src"
make -C ps7_cortexa9_0/libsrc/uartlite_v3_2/src -s libs  "SHELL=CMD" "COMPILER=arm-none-eabi-gcc" "ARCHIVER=arm-none-eabi-ar" "COMPILER_FLAGS=  -O2 -c" "EXTRA_COMPILER_FLAGS=-mcpu=cortex-a9 -mfpu=vfpv3 -mfloat-abi=hard -nostartfiles -g -Wall -Wextra"
"Compiling uartlite"
"Running Make libs in ps7_cortexa9_0/libsrc/uartps_v3_7/src"
make -C ps7_cortexa9_0/libsrc/uartps_v3_7/src -s libs  "SHELL=CMD" "COMPILER=arm-none-eabi-gcc" "ARCHIVER=arm-none-eabi-ar" "COMPILER_FLAGS=  -O2 -c" "EXTRA_COMPILER_FLAGS=-mcpu=cortex-a9 -mfpu=vfpv3 -mfloat-abi=hard -nostartfiles -g -Wall -Wextra"
"Compiling uartps"
"Running Make libs in ps7_cortexa9_0/libsrc/usbps_v2_4/src"
make -C ps7_cortexa9_0/libsrc/usbps_v2_4/src -s libs  "SHELL=CMD" "COMPILER=arm-none-eabi-gcc" "ARCHIVER=arm-none-eabi-ar" "COMPILER_FLAGS=  -O2 -c" "EXTRA_COMPILER_FLAGS=-mcpu=cortex-a9 -mfpu=vfpv3 -mfloat-abi=hard -nostartfiles -g -Wall -Wextra"
"Compiling usbps"
"Running Make libs in ps7_cortexa9_0/libsrc/xadcps_v2_3/src"
make -C ps7_cortexa9_0/libsrc/xadcps_v2_3/src -s libs  "SHELL=CMD" "COMPILER=arm-none-eabi-gcc" "ARCHIVER=arm-none-eabi-ar" "COMPILER_FLAGS=  -O2 -c" "EXTRA_COMPILER_FLAGS=-mcpu=cortex-a9 -mfpu=vfpv3 -mfloat-abi=hard -nostartfiles -g -Wall -Wextra"
"Compiling xadcps"
'Finished building libraries'
15:00:33 **** Build of configuration Debug for project test2 ****
make pre-build main-build 
a9-linaro-pre-build-step
' '
'Building file: ../src/ads8688.c'
'Invoking: ARM v7 gcc compiler'
arm-none-eabi-gcc -Wall -O0 -g3 -c -fmessage-length=0 -MT"src/ads8688.o" -mcpu=cortex-a9 -mfpu=vfpv3 -mfloat-abi=hard -I../../test2_bsp/ps7_cortexa9_0/include -MMD -MP -MF"src/ads8688.d" -MT"src/ads8688.o" -o "src/ads8688.o" "../src/ads8688.c"
../src/ads8688.c: In function 'ads8688_init':
../src/ads8688.c:23:2: warning: implicit declaration of function 'delay_ms' [-Wimplicit-function-declaration]
  delay_ms(100);
  ^~~~~~~~
'Finished building: ../src/ads8688.c'
' '
'Building file: ../src/helloworld.c'
'Invoking: ARM v7 gcc compiler'
arm-none-eabi-gcc -Wall -O0 -g3 -c -fmessage-length=0 -MT"src/helloworld.o" -mcpu=cortex-a9 -mfpu=vfpv3 -mfloat-abi=hard -I../../test2_bsp/ps7_cortexa9_0/include -MMD -MP -MF"src/helloworld.d" -MT"src/helloworld.o" -o "src/helloworld.o" "../src/helloworld.c"
../src/helloworld.c:61:0: warning: "UART_DEVICE_ID" redefined
 #define UART_DEVICE_ID XPAR_UARTLITE_0_DEVICE_ID
 
In file included from ../src/platform.h:36:0,
                 from ../src/helloworld.c:49:
../src/platform_config.h:5:0: note: this is the location of the previous definition
 #define UART_DEVICE_ID 0
 
../src/helloworld.c: In function 'init':
../src/helloworld.c:129:11: error: too few arguments to function 'int_init'
  status = int_init(INT_DEVICE_ID);
           ^~~~~~~~
../src/helloworld.c:72:5: note: declared here
 int int_init(u16 device_id, XUartLite *uartliteInstancePtr);
     ^~~~~~~~
../src/helloworld.c:127:6: warning: variable 'status' set but not used [-Wunused-but-set-variable]
  int status;
      ^~~~~~
../src/helloworld.c: At top level:
../src/helloworld.c:132:5: error: conflicting types for 'int_init'
 int int_init(u16 device_id)
     ^~~~~~~~
../src/helloworld.c:72:5: note: previous declaration of 'int_init' was here
 int int_init(u16 device_id, XUartLite *uartliteInstancePtr);
     ^~~~~~~~
make: *** [src/subdir.mk:35: src/helloworld.o] Error 1
15:00:33 **** Build of project test_final_bsp ****
make -k all 
"Running Make include in ps7_cortexa9_0/libsrc/coresightps_dcc_v1_4/src"
make -C ps7_cortexa9_0/libsrc/coresightps_dcc_v1_4/src -s include  "SHELL=CMD" "COMPILER=arm-none-eabi-gcc" "ARCHIVER=arm-none-eabi-ar" "COMPILER_FLAGS=  -O2 -c" "EXTRA_COMPILER_FLAGS=-mcpu=cortex-a9 -mfpu=vfpv3 -mfloat-abi=hard -nostartfiles -g -Wall -Wextra"
"Running Make include in ps7_cortexa9_0/libsrc/cpu_cortexa9_v2_7/src"
make -C ps7_cortexa9_0/libsrc/cpu_cortexa9_v2_7/src -s include  "SHELL=CMD" "COMPILER=arm-none-eabi-gcc" "ARCHIVER=arm-none-eabi-ar" "COMPILER_FLAGS=  -O2 -c" "EXTRA_COMPILER_FLAGS=-mcpu=cortex-a9 -mfpu=vfpv3 -mfloat-abi=hard -nostartfiles -g -Wall -Wextra"
"Running Make include in ps7_cortexa9_0/libsrc/ddrps_v1_0/src"
make -C ps7_cortexa9_0/libsrc/ddrps_v1_0/src -s include  "SHELL=CMD" "COMPILER=arm-none-eabi-gcc" "ARCHIVER=arm-none-eabi-ar" "COMPILER_FLAGS=  -O2 -c" "EXTRA_COMPILER_FLAGS=-mcpu=cortex-a9 -mfpu=vfpv3 -mfloat-abi=hard -nostartfiles -g -Wall -Wextra"
"Running Make include in ps7_cortexa9_0/libsrc/devcfg_v3_5/src"
make -C ps7_cortexa9_0/libsrc/devcfg_v3_5/src -s include  "SHELL=CMD" "COMPILER=arm-none-eabi-gcc" "ARCHIVER=arm-none-eabi-ar" "COMPILER_FLAGS=  -O2 -c" "EXTRA_COMPILER_FLAGS=-mcpu=cortex-a9 -mfpu=vfpv3 -mfloat-abi=hard -nostartfiles -g -Wall -Wextra"
"Running Make include in ps7_cortexa9_0/libsrc/dmaps_v2_4/src"
make -C ps7_cortexa9_0/libsrc/dmaps_v2_4/src -s include  "SHELL=CMD" "COMPILER=arm-none-eabi-gcc" "ARCHIVER=arm-none-eabi-ar" "COMPILER_FLAGS=  -O2 -c" "EXTRA_COMPILER_FLAGS=-mcpu=cortex-a9 -mfpu=vfpv3 -mfloat-abi=hard -nostartfiles -g -Wall -Wextra"
"Running Make include in ps7_cortexa9_0/libsrc/emacps_v3_8/src"
make -C ps7_cortexa9_0/libsrc/emacps_v3_8/src -s include  "SHELL=CMD" "COMPILER=arm-none-eabi-gcc" "ARCHIVER=arm-none-eabi-ar" "COMPILER_FLAGS=  -O2 -c" "EXTRA_COMPILER_FLAGS=-mcpu=cortex-a9 -mfpu=vfpv3 -mfloat-abi=hard -nostartfiles -g -Wall -Wextra"
"Running Make include in ps7_cortexa9_0/libsrc/gpiops_v3_4/src"
make -C ps7_cortexa9_0/libsrc/gpiops_v3_4/src -s include  "SHELL=CMD" "COMPILER=arm-none-eabi-gcc" "ARCHIVER=arm-none-eabi-ar" "COMPILER_FLAGS=  -O2 -c" "EXTRA_COMPILER_FLAGS=-mcpu=cortex-a9 -mfpu=vfpv3 -mfloat-abi=hard -nostartfiles -g -Wall -Wextra"
"Running Make include in ps7_cortexa9_0/libsrc/gpio_v4_3/src"
make -C ps7_cortexa9_0/libsrc/gpio_v4_3/src -s include  "SHELL=CMD" "COMPILER=arm-none-eabi-gcc" "ARCHIVER=arm-none-eabi-ar" "COMPILER_FLAGS=  -O2 -c" "EXTRA_COMPILER_FLAGS=-mcpu=cortex-a9 -mfpu=vfpv3 -mfloat-abi=hard -nostartfiles -g -Wall -Wextra"
"Running Make include in ps7_cortexa9_0/libsrc/qspips_v3_5/src"
make -C ps7_cortexa9_0/libsrc/qspips_v3_5/src -s include  "SHELL=CMD" "COMPILER=arm-none-eabi-gcc" "ARCHIVER=arm-none-eabi-ar" "COMPILER_FLAGS=  -O2 -c" "EXTRA_COMPILER_FLAGS=-mcpu=cortex-a9 -mfpu=vfpv3 -mfloat-abi=hard -nostartfiles -g -Wall -Wextra"
"Running Make include in ps7_cortexa9_0/libsrc/scugic_v3_10/src"
make -C ps7_cortexa9_0/libsrc/scugic_v3_10/src -s include  "SHELL=CMD" "COMPILER=arm-none-eabi-gcc" "ARCHIVER=arm-none-eabi-ar" "COMPILER_FLAGS=  -O2 -c" "EXTRA_COMPILER_FLAGS=-mcpu=cortex-a9 -mfpu=vfpv3 -mfloat-abi=hard -nostartfiles -g -Wall -Wextra"
"Running Make include in ps7_cortexa9_0/libsrc/scutimer_v2_1/src"
make -C ps7_cortexa9_0/libsrc/scutimer_v2_1/src -s include  "SHELL=CMD" "COMPILER=arm-none-eabi-gcc" "ARCHIVER=arm-none-eabi-ar" "COMPILER_FLAGS=  -O2 -c" "EXTRA_COMPILER_FLAGS=-mcpu=cortex-a9 -mfpu=vfpv3 -mfloat-abi=hard -nostartfiles -g -Wall -Wextra"
"Running Make include in ps7_cortexa9_0/libsrc/scuwdt_v2_1/src"
make -C ps7_cortexa9_0/libsrc/scuwdt_v2_1/src -s include  "SHELL=CMD" "COMPILER=arm-none-eabi-gcc" "ARCHIVER=arm-none-eabi-ar" "COMPILER_FLAGS=  -O2 -c" "EXTRA_COMPILER_FLAGS=-mcpu=cortex-a9 -mfpu=vfpv3 -mfloat-abi=hard -nostartfiles -g -Wall -Wextra"
"Running Make include in ps7_cortexa9_0/libsrc/sdps_v3_6/src"
make -C ps7_cortexa9_0/libsrc/sdps_v3_6/src -s include  "SHELL=CMD" "COMPILER=arm-none-eabi-gcc" "ARCHIVER=arm-none-eabi-ar" "COMPILER_FLAGS=  -O2 -c" "EXTRA_COMPILER_FLAGS=-mcpu=cortex-a9 -mfpu=vfpv3 -mfloat-abi=hard -nostartfiles -g -Wall -Wextra"
"Running Make include in ps7_cortexa9_0/libsrc/standalone_v6_8/src"
make -C ps7_cortexa9_0/libsrc/standalone_v6_8/src -s include  "SHELL=CMD" "COMPILER=arm-none-eabi-gcc" "ARCHIVER=arm-none-eabi-ar" "COMPILER_FLAGS=  -O2 -c" "EXTRA_COMPILER_FLAGS=-mcpu=cortex-a9 -mfpu=vfpv3 -mfloat-abi=hard -nostartfiles -g -Wall -Wextra"
"Running Make include in ps7_cortexa9_0/libsrc/uartlite_v3_2/src"
make -C ps7_cortexa9_0/libsrc/uartlite_v3_2/src -s include  "SHELL=CMD" "COMPILER=arm-none-eabi-gcc" "ARCHIVER=arm-none-eabi-ar" "COMPILER_FLAGS=  -O2 -c" "EXTRA_COMPILER_FLAGS=-mcpu=cortex-a9 -mfpu=vfpv3 -mfloat-abi=hard -nostartfiles -g -Wall -Wextra"
"Running Make include in ps7_cortexa9_0/libsrc/uartps_v3_7/src"
make -C ps7_cortexa9_0/libsrc/uartps_v3_7/src -s include  "SHELL=CMD" "COMPILER=arm-none-eabi-gcc" "ARCHIVER=arm-none-eabi-ar" "COMPILER_FLAGS=  -O2 -c" "EXTRA_COMPILER_FLAGS=-mcpu=cortex-a9 -mfpu=vfpv3 -mfloat-abi=hard -nostartfiles -g -Wall -Wextra"
"Running Make include in ps7_cortexa9_0/libsrc/usbps_v2_4/src"
make -C ps7_cortexa9_0/libsrc/usbps_v2_4/src -s include  "SHELL=CMD" "COMPILER=arm-none-eabi-gcc" "ARCHIVER=arm-none-eabi-ar" "COMPILER_FLAGS=  -O2 -c" "EXTRA_COMPILER_FLAGS=-mcpu=cortex-a9 -mfpu=vfpv3 -mfloat-abi=hard -nostartfiles -g -Wall -Wextra"
"Running Make include in ps7_cortexa9_0/libsrc/xadcps_v2_3/src"
make -C ps7_cortexa9_0/libsrc/xadcps_v2_3/src -s include  "SHELL=CMD" "COMPILER=arm-none-eabi-gcc" "ARCHIVER=arm-none-eabi-ar" "COMPILER_FLAGS=  -O2 -c" "EXTRA_COMPILER_FLAGS=-mcpu=cortex-a9 -mfpu=vfpv3 -mfloat-abi=hard -nostartfiles -g -Wall -Wextra"
"Running Make libs in ps7_cortexa9_0/libsrc/coresightps_dcc_v1_4/src"
make -C ps7_cortexa9_0/libsrc/coresightps_dcc_v1_4/src -s libs  "SHELL=CMD" "COMPILER=arm-none-eabi-gcc" "ARCHIVER=arm-none-eabi-ar" "COMPILER_FLAGS=  -O2 -c" "EXTRA_COMPILER_FLAGS=-mcpu=cortex-a9 -mfpu=vfpv3 -mfloat-abi=hard -nostartfiles -g -Wall -Wextra"
"Compiling coresightps_dcc"
arm-none-eabi-ar: creating ../../../lib/libxil.a
"Running Make libs in ps7_cortexa9_0/libsrc/cpu_cortexa9_v2_7/src"
make -C ps7_cortexa9_0/libsrc/cpu_cortexa9_v2_7/src -s libs  "SHELL=CMD" "COMPILER=arm-none-eabi-gcc" "ARCHIVER=arm-none-eabi-ar" "COMPILER_FLAGS=  -O2 -c" "EXTRA_COMPILER_FLAGS=-mcpu=cortex-a9 -mfpu=vfpv3 -mfloat-abi=hard -nostartfiles -g -Wall -Wextra"
"Compiling cpu_cortexa9"
"Running Make libs in ps7_cortexa9_0/libsrc/ddrps_v1_0/src"
make -C ps7_cortexa9_0/libsrc/ddrps_v1_0/src -s libs  "SHELL=CMD" "COMPILER=arm-none-eabi-gcc" "ARCHIVER=arm-none-eabi-ar" "COMPILER_FLAGS=  -O2 -c" "EXTRA_COMPILER_FLAGS=-mcpu=cortex-a9 -mfpu=vfpv3 -mfloat-abi=hard -nostartfiles -g -Wall -Wextra"
"Compiling ddrps"
"Running Make libs in ps7_cortexa9_0/libsrc/devcfg_v3_5/src"
make -C ps7_cortexa9_0/libsrc/devcfg_v3_5/src -s libs  "SHELL=CMD" "COMPILER=arm-none-eabi-gcc" "ARCHIVER=arm-none-eabi-ar" "COMPILER_FLAGS=  -O2 -c" "EXTRA_COMPILER_FLAGS=-mcpu=cortex-a9 -mfpu=vfpv3 -mfloat-abi=hard -nostartfiles -g -Wall -Wextra"
"Compiling devcfg"
"Running Make libs in ps7_cortexa9_0/libsrc/dmaps_v2_4/src"
make -C ps7_cortexa9_0/libsrc/dmaps_v2_4/src -s libs  "SHELL=CMD" "COMPILER=arm-none-eabi-gcc" "ARCHIVER=arm-none-eabi-ar" "COMPILER_FLAGS=  -O2 -c" "EXTRA_COMPILER_FLAGS=-mcpu=cortex-a9 -mfpu=vfpv3 -mfloat-abi=hard -nostartfiles -g -Wall -Wextra"
"Compiling dmaps"
"Running Make libs in ps7_cortexa9_0/libsrc/emacps_v3_8/src"
make -C ps7_cortexa9_0/libsrc/emacps_v3_8/src -s libs  "SHELL=CMD" "COMPILER=arm-none-eabi-gcc" "ARCHIVER=arm-none-eabi-ar" "COMPILER_FLAGS=  -O2 -c" "EXTRA_COMPILER_FLAGS=-mcpu=cortex-a9 -mfpu=vfpv3 -mfloat-abi=hard -nostartfiles -g -Wall -Wextra"
"Compiling emacps"
"Running Make libs in ps7_cortexa9_0/libsrc/gpiops_v3_4/src"
make -C ps7_cortexa9_0/libsrc/gpiops_v3_4/src -s libs  "SHELL=CMD" "COMPILER=arm-none-eabi-gcc" "ARCHIVER=arm-none-eabi-ar" "COMPILER_FLAGS=  -O2 -c" "EXTRA_COMPILER_FLAGS=-mcpu=cortex-a9 -mfpu=vfpv3 -mfloat-abi=hard -nostartfiles -g -Wall -Wextra"
"Compiling gpiops"
"Running Make libs in ps7_cortexa9_0/libsrc/gpio_v4_3/src"
make -C ps7_cortexa9_0/libsrc/gpio_v4_3/src -s libs  "SHELL=CMD" "COMPILER=arm-none-eabi-gcc" "ARCHIVER=arm-none-eabi-ar" "COMPILER_FLAGS=  -O2 -c" "EXTRA_COMPILER_FLAGS=-mcpu=cortex-a9 -mfpu=vfpv3 -mfloat-abi=hard -nostartfiles -g -Wall -Wextra"
"Compiling gpio"
"Running Make libs in ps7_cortexa9_0/libsrc/qspips_v3_5/src"
make -C ps7_cortexa9_0/libsrc/qspips_v3_5/src -s libs  "SHELL=CMD" "COMPILER=arm-none-eabi-gcc" "ARCHIVER=arm-none-eabi-ar" "COMPILER_FLAGS=  -O2 -c" "EXTRA_COMPILER_FLAGS=-mcpu=cortex-a9 -mfpu=vfpv3 -mfloat-abi=hard -nostartfiles -g -Wall -Wextra"
"Compiling qspips"
"Running Make libs in ps7_cortexa9_0/libsrc/scugic_v3_10/src"
make -C ps7_cortexa9_0/libsrc/scugic_v3_10/src -s libs  "SHELL=CMD" "COMPILER=arm-none-eabi-gcc" "ARCHIVER=arm-none-eabi-ar" "COMPILER_FLAGS=  -O2 -c" "EXTRA_COMPILER_FLAGS=-mcpu=cortex-a9 -mfpu=vfpv3 -mfloat-abi=hard -nostartfiles -g -Wall -Wextra"
"Compiling scugic"
"Running Make libs in ps7_cortexa9_0/libsrc/scutimer_v2_1/src"
make -C ps7_cortexa9_0/libsrc/scutimer_v2_1/src -s libs  "SHELL=CMD" "COMPILER=arm-none-eabi-gcc" "ARCHIVER=arm-none-eabi-ar" "COMPILER_FLAGS=  -O2 -c" "EXTRA_COMPILER_FLAGS=-mcpu=cortex-a9 -mfpu=vfpv3 -mfloat-abi=hard -nostartfiles -g -Wall -Wextra"
"Compiling scutimer"
"Running Make libs in ps7_cortexa9_0/libsrc/scuwdt_v2_1/src"
make -C ps7_cortexa9_0/libsrc/scuwdt_v2_1/src -s libs  "SHELL=CMD" "COMPILER=arm-none-eabi-gcc" "ARCHIVER=arm-none-eabi-ar" "COMPILER_FLAGS=  -O2 -c" "EXTRA_COMPILER_FLAGS=-mcpu=cortex-a9 -mfpu=vfpv3 -mfloat-abi=hard -nostartfiles -g -Wall -Wextra"
"Compiling scuwdt"
"Running Make libs in ps7_cortexa9_0/libsrc/sdps_v3_6/src"
make -C ps7_cortexa9_0/libsrc/sdps_v3_6/src -s libs  "SHELL=CMD" "COMPILER=arm-none-eabi-gcc" "ARCHIVER=arm-none-eabi-ar" "COMPILER_FLAGS=  -O2 -c" "EXTRA_COMPILER_FLAGS=-mcpu=cortex-a9 -mfpu=vfpv3 -mfloat-abi=hard -nostartfiles -g -Wall -Wextra"
"Compiling sdps"
"Running Make libs in ps7_cortexa9_0/libsrc/standalone_v6_8/src"
make -C ps7_cortexa9_0/libsrc/standalone_v6_8/src -s libs  "SHELL=CMD" "COMPILER=arm-none-eabi-gcc" "ARCHIVER=arm-none-eabi-ar" "COMPILER_FLAGS=  -O2 -c" "EXTRA_COMPILER_FLAGS=-mcpu=cortex-a9 -mfpu=vfpv3 -mfloat-abi=hard -nostartfiles -g -Wall -Wextra"
"Compiling standalone"
In file included from usleep.c:56:0:
xtime_l.h:87:9: note: #pragma message: For the sleep routines, Global timer is being used
 #pragma message ("For the sleep routines, Global timer is being used")
         ^~~~~~~
In file included from xil_sleeptimer.c:51:0:
xtime_l.h:87:9: note: #pragma message: For the sleep routines, Global timer is being used
 #pragma message ("For the sleep routines, Global timer is being used")
         ^~~~~~~
In file included from xtime_l.c:49:0:
xtime_l.h:87:9: note: #pragma message: For the sleep routines, Global timer is being used
 #pragma message ("For the sleep routines, Global timer is being used")
         ^~~~~~~
In file included from sleep.c:53:0:
xtime_l.h:87:9: note: #pragma message: For the sleep routines, Global timer is being used
 #pragma message ("For the sleep routines, Global timer is being used")
         ^~~~~~~
"Running Make libs in ps7_cortexa9_0/libsrc/uartlite_v3_2/src"
make -C ps7_cortexa9_0/libsrc/uartlite_v3_2/src -s libs  "SHELL=CMD" "COMPILER=arm-none-eabi-gcc" "ARCHIVER=arm-none-eabi-ar" "COMPILER_FLAGS=  -O2 -c" "EXTRA_COMPILER_FLAGS=-mcpu=cortex-a9 -mfpu=vfpv3 -mfloat-abi=hard -nostartfiles -g -Wall -Wextra"
"Compiling uartlite"
"Running Make libs in ps7_cortexa9_0/libsrc/uartps_v3_7/src"
make -C ps7_cortexa9_0/libsrc/uartps_v3_7/src -s libs  "SHELL=CMD" "COMPILER=arm-none-eabi-gcc" "ARCHIVER=arm-none-eabi-ar" "COMPILER_FLAGS=  -O2 -c" "EXTRA_COMPILER_FLAGS=-mcpu=cortex-a9 -mfpu=vfpv3 -mfloat-abi=hard -nostartfiles -g -Wall -Wextra"
"Compiling uartps"
"Running Make libs in ps7_cortexa9_0/libsrc/usbps_v2_4/src"
make -C ps7_cortexa9_0/libsrc/usbps_v2_4/src -s libs  "SHELL=CMD" "COMPILER=arm-none-eabi-gcc" "ARCHIVER=arm-none-eabi-ar" "COMPILER_FLAGS=  -O2 -c" "EXTRA_COMPILER_FLAGS=-mcpu=cortex-a9 -mfpu=vfpv3 -mfloat-abi=hard -nostartfiles -g -Wall -Wextra"
"Compiling usbps"
"Running Make libs in ps7_cortexa9_0/libsrc/xadcps_v2_3/src"
make -C ps7_cortexa9_0/libsrc/xadcps_v2_3/src -s libs  "SHELL=CMD" "COMPILER=arm-none-eabi-gcc" "ARCHIVER=arm-none-eabi-ar" "COMPILER_FLAGS=  -O2 -c" "EXTRA_COMPILER_FLAGS=-mcpu=cortex-a9 -mfpu=vfpv3 -mfloat-abi=hard -nostartfiles -g -Wall -Wextra"
"Compiling xadcps"
'Finished building libraries'
15:01:05 **** Build of configuration Debug for project test_final ****
make pre-build main-build 
a9-linaro-pre-build-step
' '
'Building file: ../src/ads8688.c'
'Invoking: ARM v7 gcc compiler'
arm-none-eabi-gcc -Wall -O0 -g3 -c -fmessage-length=0 -MT"src/ads8688.o" -mcpu=cortex-a9 -mfpu=vfpv3 -mfloat-abi=hard -I../../test_final_bsp/ps7_cortexa9_0/include -MMD -MP -MF"src/ads8688.d" -MT"src/ads8688.o" -o "src/ads8688.o" "../src/ads8688.c"
../src/ads8688.c: In function 'ads8688_init':
../src/ads8688.c:23:2: warning: implicit declaration of function 'delay_ms' [-Wimplicit-function-declaration]
  delay_ms(100);
  ^~~~~~~~
'Finished building: ../src/ads8688.c'
' '
'Building file: ../src/helloworld.c'
'Invoking: ARM v7 gcc compiler'
arm-none-eabi-gcc -Wall -O0 -g3 -c -fmessage-length=0 -MT"src/helloworld.o" -mcpu=cortex-a9 -mfpu=vfpv3 -mfloat-abi=hard -I../../test_final_bsp/ps7_cortexa9_0/include -MMD -MP -MF"src/helloworld.d" -MT"src/helloworld.o" -o "src/helloworld.o" "../src/helloworld.c"
../src/helloworld.c:61:0: warning: "UART_DEVICE_ID" redefined
 #define UART_DEVICE_ID XPAR_UARTLITE_0_DEVICE_ID
 
In file included from ../src/platform.h:36:0,
                 from ../src/helloworld.c:49:
../src/platform_config.h:5:0: note: this is the location of the previous definition
 #define UART_DEVICE_ID 0
 
../src/helloworld.c:125:5: error: conflicting types for 'init'
 int init(void)
     ^~~~
../src/helloworld.c:71:6: note: previous declaration of 'init' was here
 void init(void);
      ^~~~
../src/helloworld.c: In function 'init':
../src/helloworld.c:133:1: warning: control reaches end of non-void function [-Wreturn-type]
 }
 ^
make: *** [src/subdir.mk:35: src/helloworld.o] Error 1
15:01:06 **** Clean-only build of configuration Debug for project test_final_bsp_xuartlite_intr_example_1 ****
make clean 
rm -rf  ./src/xuartlite_intr_example.o  ./src/xuartlite_intr_example.d  test_final_bsp_xuartlite_intr_example_1.elf.size  test_final_bsp_xuartlite_intr_example_1.elf
' '
15:01:07 **** Build of configuration Debug for project test_final_bsp_xuartlite_intr_example_1 ****
make pre-build main-build 
a9-linaro-pre-build-step
' '
'Building file: ../src/xuartlite_intr_example.c'
'Invoking: ARM v7 gcc compiler'
arm-none-eabi-gcc -Wall -O0 -g3 -c -fmessage-length=0 -MT"src/xuartlite_intr_example.o" -mcpu=cortex-a9 -mfpu=vfpv3 -mfloat-abi=hard -I../../test_final_bsp/ps7_cortexa9_0/include -MMD -MP -MF"src/xuartlite_intr_example.d" -MT"src/xuartlite_intr_example.o" -o "src/xuartlite_intr_example.o" "../src/xuartlite_intr_example.c"
../src/xuartlite_intr_example.c:103:2: error: unknown type name 'XIntc'
  XIntc InterruptController;     /* The instance of the Interrupt Controller */
  ^~~~~
../src/xuartlite_intr_example.c: In function 'SetupInterruptSystem':
../src/xuartlite_intr_example.c:348:11: warning: implicit declaration of function 'XIntc_Initialize'; did you mean 'XUartLite_Initialize'? [-Wimplicit-function-declaration]
  Status = XIntc_Initialize(&InterruptController, INTC_DEVICE_ID);
           ^~~~~~~~~~~~~~~~
           XUartLite_Initialize
../src/xuartlite_intr_example.c:73:33: error: 'XPAR_INTC_0_DEVICE_ID' undeclared (first use in this function); did you mean 'XPAR_GPIO_0_DEVICE_ID'?
 #define INTC_DEVICE_ID          XPAR_INTC_0_DEVICE_ID
                                 ^
../src/xuartlite_intr_example.c:348:50: note: in expansion of macro 'INTC_DEVICE_ID'
  Status = XIntc_Initialize(&InterruptController, INTC_DEVICE_ID);
                                                  ^~~~~~~~~~~~~~
../src/xuartlite_intr_example.c:73:33: note: each undeclared identifier is reported only once for each function it appears in
 #define INTC_DEVICE_ID          XPAR_INTC_0_DEVICE_ID
                                 ^
../src/xuartlite_intr_example.c:348:50: note: in expansion of macro 'INTC_DEVICE_ID'
  Status = XIntc_Initialize(&InterruptController, INTC_DEVICE_ID);
                                                  ^~~~~~~~~~~~~~
../src/xuartlite_intr_example.c:359:11: warning: implicit declaration of function 'XIntc_Connect' [-Wimplicit-function-declaration]
  Status = XIntc_Connect(&InterruptController, UARTLITE_INT_IRQ_ID,
           ^~~~~~~~~~~~~
../src/xuartlite_intr_example.c:74:33: error: 'XPAR_INTC_0_UARTLITE_0_VEC_ID' undeclared (first use in this function); did you mean 'XPAR_FABRIC_UARTLITE_0_VEC_ID'?
 #define UARTLITE_INT_IRQ_ID     XPAR_INTC_0_UARTLITE_0_VEC_ID
                                 ^
../src/xuartlite_intr_example.c:359:47: note: in expansion of macro 'UARTLITE_INT_IRQ_ID'
  Status = XIntc_Connect(&InterruptController, UARTLITE_INT_IRQ_ID,
                                               ^~~~~~~~~~~~~~~~~~~
../src/xuartlite_intr_example.c:371:11: warning: implicit declaration of function 'XIntc_Start' [-Wimplicit-function-declaration]
  Status = XIntc_Start(&InterruptController, XIN_REAL_MODE);
           ^~~~~~~~~~~
../src/xuartlite_intr_example.c:371:45: error: 'XIN_REAL_MODE' undeclared (first use in this function)
  Status = XIntc_Start(&InterruptController, XIN_REAL_MODE);
                                             ^~~~~~~~~~~~~
../src/xuartlite_intr_example.c:379:2: warning: implicit declaration of function 'XIntc_Enable' [-Wimplicit-function-declaration]
  XIntc_Enable(&InterruptController, UARTLITE_INT_IRQ_ID);
  ^~~~~~~~~~~~
../src/xuartlite_intr_example.c:390:27: error: 'XIntc_InterruptHandler' undeclared (first use in this function); did you mean 'Xil_InterruptHandler'?
     (Xil_ExceptionHandler)XIntc_InterruptHandler,
                           ^~~~~~~~~~~~~~~~~~~~~~
                           Xil_InterruptHandler
make: *** [src/subdir.mk:23: src/xuartlite_intr_example.o] Error 1
15:02:02 **** Auto Build of configuration Debug for project test_final ****
make pre-build main-build 
a9-linaro-pre-build-step
' '
'Building file: ../src/helloworld.c'
'Invoking: ARM v7 gcc compiler'
arm-none-eabi-gcc -Wall -O0 -g3 -c -fmessage-length=0 -MT"src/helloworld.o" -mcpu=cortex-a9 -mfpu=vfpv3 -mfloat-abi=hard -I../../test_final_bsp/ps7_cortexa9_0/include -MMD -MP -MF"src/helloworld.d" -MT"src/helloworld.o" -o "src/helloworld.o" "../src/helloworld.c"
../src/helloworld.c:61:0: warning: "UART_DEVICE_ID" redefined
 #define UART_DEVICE_ID XPAR_UARTLITE_0_DEVICE_ID
 
In file included from ../src/platform.h:36:0,
                 from ../src/helloworld.c:49:
../src/platform_config.h:5:0: note: this is the location of the previous definition
 #define UART_DEVICE_ID 0
 
../src/helloworld.c: In function 'init':
../src/helloworld.c:133:1: warning: control reaches end of non-void function [-Wreturn-type]
 }
 ^
'Finished building: ../src/helloworld.c'
' '
'Building file: ../src/platform.c'
'Invoking: ARM v7 gcc compiler'
arm-none-eabi-gcc -Wall -O0 -g3 -c -fmessage-length=0 -MT"src/platform.o" -mcpu=cortex-a9 -mfpu=vfpv3 -mfloat-abi=hard -I../../test_final_bsp/ps7_cortexa9_0/include -MMD -MP -MF"src/platform.d" -MT"src/platform.o" -o "src/platform.o" "../src/platform.c"
'Finished building: ../src/platform.c'
' '
'Building file: ../src/utils.c'
'Invoking: ARM v7 gcc compiler'
arm-none-eabi-gcc -Wall -O0 -g3 -c -fmessage-length=0 -MT"src/utils.o" -mcpu=cortex-a9 -mfpu=vfpv3 -mfloat-abi=hard -I../../test_final_bsp/ps7_cortexa9_0/include -MMD -MP -MF"src/utils.d" -MT"src/utils.o" -o "src/utils.o" "../src/utils.c"
../src/utils.c: In function 'zero_init':
../src/utils.c:22:6: warning: variable 'status' set but not used [-Wunused-but-set-variable]
  int status;
      ^~~~~~
'Finished building: ../src/utils.c'
' '
'Building file: ../src/wifi.c'
'Invoking: ARM v7 gcc compiler'
arm-none-eabi-gcc -Wall -O0 -g3 -c -fmessage-length=0 -MT"src/wifi.o" -mcpu=cortex-a9 -mfpu=vfpv3 -mfloat-abi=hard -I../../test_final_bsp/ps7_cortexa9_0/include -MMD -MP -MF"src/wifi.d" -MT"src/wifi.o" -o "src/wifi.o" "../src/wifi.c"
In file included from ../../test_final_bsp/ps7_cortexa9_0/include/xuartlite.h:160:0,
                 from ../src/wifi.h:18,
                 from ../src/wifi.c:7:
../src/wifi.c: In function 'uart_init':
../../test_final_bsp/ps7_cortexa9_0/include/xstatus.h:61:41: warning: 'return' with a value, in function returning void
 #define XST_FAILURE                     1L
                                         ^
../src/wifi.c:30:16: note: in expansion of macro 'XST_FAILURE'
         return XST_FAILURE;
                ^~~~~~~~~~~
../src/wifi.c:25:6: note: declared here
 void uart_init(u16 device_id)
      ^~~~~~~~~
../src/wifi.c: In function 'send':
../src/wifi.c:116:9: warning: value computed is not used [-Wunused-value]
         *str++;
         ^~~~~~
'Finished building: ../src/wifi.c'
' '
'Building target: test_final.elf'
'Invoking: ARM v7 gcc linker'
arm-none-eabi-gcc -mcpu=cortex-a9 -mfpu=vfpv3 -mfloat-abi=hard -Wl,-build-id=none -specs=Xilinx.spec -Wl,-T -Wl,../src/lscript.ld -L../../test_final_bsp/ps7_cortexa9_0/lib -o "test_final.elf"  ./src/ads8688.o ./src/helloworld.o ./src/platform.o ./src/utils.o ./src/wifi.o   -Wl,--start-group,-lxil,-lgcc,-lc,--end-group
'Finished building target: test_final.elf'
' '
'Invoking: ARM v7 Print Size'
arm-none-eabi-size test_final.elf  |tee "test_final.elf.size"
   text	   data	    bss	    dec	    hex	filename
  80000	   3556	  23584	 107140	  1a284	test_final.elf
'Finished building: test_final.elf.size'
' '
15:02:18 **** Auto Build of configuration Debug for project test_final ****
make pre-build main-build 
a9-linaro-pre-build-step
' '
'Building file: ../src/helloworld.c'
'Invoking: ARM v7 gcc compiler'
arm-none-eabi-gcc -Wall -O0 -g3 -c -fmessage-length=0 -MT"src/helloworld.o" -mcpu=cortex-a9 -mfpu=vfpv3 -mfloat-abi=hard -I../../test_final_bsp/ps7_cortexa9_0/include -MMD -MP -MF"src/helloworld.d" -MT"src/helloworld.o" -o "src/helloworld.o" "../src/helloworld.c"
../src/helloworld.c:61:0: warning: "UART_DEVICE_ID" redefined
 #define UART_DEVICE_ID XPAR_UARTLITE_0_DEVICE_ID
 
In file included from ../src/platform.h:36:0,
                 from ../src/helloworld.c:49:
../src/platform_config.h:5:0: note: this is the location of the previous definition
 #define UART_DEVICE_ID 0
 
../src/helloworld.c: In function 'init':
../src/helloworld.c:133:1: warning: control reaches end of non-void function [-Wreturn-type]
 }
 ^
In file included from ../src/helloworld.c:59:0:
At top level:
../src/wifi.h:20:18: warning: 'UartLiteInst' defined but not used [-Wunused-variable]
 static XUartLite UartLiteInst;
                  ^~~~~~~~~~~~
'Finished building: ../src/helloworld.c'
' '
'Building target: test_final.elf'
'Invoking: ARM v7 gcc linker'
arm-none-eabi-gcc -mcpu=cortex-a9 -mfpu=vfpv3 -mfloat-abi=hard -Wl,-build-id=none -specs=Xilinx.spec -Wl,-T -Wl,../src/lscript.ld -L../../test_final_bsp/ps7_cortexa9_0/lib -o "test_final.elf"  ./src/ads8688.o ./src/helloworld.o ./src/platform.o ./src/utils.o ./src/wifi.o   -Wl,--start-group,-lxil,-lgcc,-lc,--end-group
'Finished building target: test_final.elf'
' '
'Invoking: ARM v7 Print Size'
arm-none-eabi-size test_final.elf  |tee "test_final.elf.size"
   text	   data	    bss	    dec	    hex	filename
  80000	   3556	  23584	 107140	  1a284	test_final.elf
'Finished building: test_final.elf.size'
' '
15:04:32 **** Auto Build of configuration Debug for project test_final ****
make pre-build main-build 
a9-linaro-pre-build-step
' '
'Building file: ../src/helloworld.c'
'Invoking: ARM v7 gcc compiler'
arm-none-eabi-gcc -Wall -O0 -g3 -c -fmessage-length=0 -MT"src/helloworld.o" -mcpu=cortex-a9 -mfpu=vfpv3 -mfloat-abi=hard -I../../test_final_bsp/ps7_cortexa9_0/include -MMD -MP -MF"src/helloworld.d" -MT"src/helloworld.o" -o "src/helloworld.o" "../src/helloworld.c"
../src/helloworld.c:61:0: warning: "UART_DEVICE_ID" redefined
 #define UART_DEVICE_ID XPAR_UARTLITE_0_DEVICE_ID
 
In file included from ../src/platform.h:36:0,
                 from ../src/helloworld.c:49:
../src/platform_config.h:5:0: note: this is the location of the previous definition
 #define UART_DEVICE_ID 0
 
../src/helloworld.c: In function 'init':
../src/helloworld.c:133:1: warning: control reaches end of non-void function [-Wreturn-type]
 }
 ^
In file included from ../src/helloworld.c:59:0:
At top level:
../src/wifi.h:20:18: warning: 'UartLiteInst' defined but not used [-Wunused-variable]
 static XUartLite UartLiteInst;
                  ^~~~~~~~~~~~
'Finished building: ../src/helloworld.c'
' '
'Building target: test_final.elf'
'Invoking: ARM v7 gcc linker'
arm-none-eabi-gcc -mcpu=cortex-a9 -mfpu=vfpv3 -mfloat-abi=hard -Wl,-build-id=none -specs=Xilinx.spec -Wl,-T -Wl,../src/lscript.ld -L../../test_final_bsp/ps7_cortexa9_0/lib -o "test_final.elf"  ./src/ads8688.o ./src/helloworld.o ./src/platform.o ./src/utils.o ./src/wifi.o   -Wl,--start-group,-lxil,-lgcc,-lc,--end-group
'Finished building target: test_final.elf'
' '
'Invoking: ARM v7 Print Size'
arm-none-eabi-size test_final.elf  |tee "test_final.elf.size"
   text	   data	    bss	    dec	    hex	filename
  79792	   3556	  23584	 106932	  1a1b4	test_final.elf
'Finished building: test_final.elf.size'
' '
15:05:35 **** Incremental Build of configuration Debug for project test_final ****
make pre-build main-build 
a9-linaro-pre-build-step
' '
make: Nothing to be done for 'main-build'.
15:06:54 **** Incremental Build of configuration Debug for project test_final ****
make pre-build main-build 
a9-linaro-pre-build-step
' '
make: Nothing to be done for 'main-build'.
15:09:21 **** Auto Build of configuration Debug for project test_final ****
make pre-build main-build 
a9-linaro-pre-build-step
' '
'Building file: ../src/helloworld.c'
'Invoking: ARM v7 gcc compiler'
arm-none-eabi-gcc -Wall -O0 -g3 -c -fmessage-length=0 -MT"src/helloworld.o" -mcpu=cortex-a9 -mfpu=vfpv3 -mfloat-abi=hard -I../../test_final_bsp/ps7_cortexa9_0/include -MMD -MP -MF"src/helloworld.d" -MT"src/helloworld.o" -o "src/helloworld.o" "../src/helloworld.c"
../src/helloworld.c:61:0: warning: "UART_DEVICE_ID" redefined
 #define UART_DEVICE_ID XPAR_UARTLITE_0_DEVICE_ID
 
In file included from ../src/platform.h:36:0,
                 from ../src/helloworld.c:49:
../src/platform_config.h:5:0: note: this is the location of the previous definition
 #define UART_DEVICE_ID 0
 
../src/helloworld.c: In function 'init':
../src/helloworld.c:134:1: warning: control reaches end of non-void function [-Wreturn-type]
 }
 ^
In file included from ../src/helloworld.c:59:0:
At top level:
../src/wifi.h:20:18: warning: 'UartLiteInst' defined but not used [-Wunused-variable]
 static XUartLite UartLiteInst;
                  ^~~~~~~~~~~~
'Finished building: ../src/helloworld.c'
' '
'Building target: test_final.elf'
'Invoking: ARM v7 gcc linker'
arm-none-eabi-gcc -mcpu=cortex-a9 -mfpu=vfpv3 -mfloat-abi=hard -Wl,-build-id=none -specs=Xilinx.spec -Wl,-T -Wl,../src/lscript.ld -L../../test_final_bsp/ps7_cortexa9_0/lib -o "test_final.elf"  ./src/ads8688.o ./src/helloworld.o ./src/platform.o ./src/utils.o ./src/wifi.o   -Wl,--start-group,-lxil,-lgcc,-lc,--end-group
'Finished building target: test_final.elf'
' '
'Invoking: ARM v7 Print Size'
arm-none-eabi-size test_final.elf  |tee "test_final.elf.size"
   text	   data	    bss	    dec	    hex	filename
  79584	   3556	  23584	 106724	  1a0e4	test_final.elf
'Finished building: test_final.elf.size'
' '
15:09:34 **** Incremental Build of configuration Debug for project test_final ****
make pre-build main-build 
a9-linaro-pre-build-step
' '
make: Nothing to be done for 'main-build'.
15:17:02 **** Auto Build of configuration Debug for project test_final ****
make pre-build main-build 
a9-linaro-pre-build-step
' '
'Building file: ../src/helloworld.c'
'Invoking: ARM v7 gcc compiler'
arm-none-eabi-gcc -Wall -O0 -g3 -c -fmessage-length=0 -MT"src/helloworld.o" -mcpu=cortex-a9 -mfpu=vfpv3 -mfloat-abi=hard -I../../test_final_bsp/ps7_cortexa9_0/include -MMD -MP -MF"src/helloworld.d" -MT"src/helloworld.o" -o "src/helloworld.o" "../src/helloworld.c"
../src/helloworld.c:61:0: warning: "UART_DEVICE_ID" redefined
 #define UART_DEVICE_ID XPAR_UARTLITE_0_DEVICE_ID
 
In file included from ../src/platform.h:36:0,
                 from ../src/helloworld.c:49:
../src/platform_config.h:5:0: note: this is the location of the previous definition
 #define UART_DEVICE_ID 0
 
../src/helloworld.c: In function 'init':
../src/helloworld.c:135:1: warning: control reaches end of non-void function [-Wreturn-type]
 }
 ^
In file included from ../src/helloworld.c:59:0:
At top level:
../src/wifi.h:20:18: warning: 'UartLiteInst' defined but not used [-Wunused-variable]
 static XUartLite UartLiteInst;
                  ^~~~~~~~~~~~
'Finished building: ../src/helloworld.c'
' '
'Building target: test_final.elf'
'Invoking: ARM v7 gcc linker'
[...]
                          ^
../src/helloworld.c:282:6: warning: unused variable 'read_data' [-Wunused-variable]
  u8 *read_data = ReadOut(0x1900);
      ^~~~~~~~~
../src/helloworld.c: At top level:
../src/helloworld.c:294:1: warning: return type defaults to 'int' [-Wimplicit-int]
 save_data()
 ^~~~~~~~~
../src/helloworld.c:294:1: warning: conflicting types for 'save_data'
../src/helloworld.c:98:6: note: previous declaration of 'save_data' was here
 void save_data();
      ^~~~~~~~~
../src/helloworld.c: In function 'save_data':
../src/helloworld.c:302:33: error: 'j' undeclared (first use in this function)
     int index = 2(i*DATA_LENGTH+j);
                                 ^
../src/helloworld.c:302:17: error: called object is not a function or function pointer
     int index = 2(i*DATA_LENGTH+j);
                 ^
../src/helloworld.c:308:10: warning: passing argument 1 of 'WriteIn' from incompatible pointer type [-Wincompatible-pointer-types]
  WriteIn(&write_data,0x1900);
          ^
In file included from ../src/cov.h:9:0,
                 from ../src/helloworld.c:63:
../src/flash.h:118:6: note: expected 'int *' but argument is of type 'u8 ** {aka unsigned char **}'
 void WriteIn(int data[],u32 ADDRESS);
      ^~~~~~~
../src/helloworld.c: In function 'init':
../src/helloworld.c:154:1: warning: control reaches end of non-void function [-Wreturn-type]
 }
 ^
In file included from ../src/helloworld.c:62:0:
At top level:
../src/wifi.h:20:18: warning: 'UartLiteInst' defined but not used [-Wunused-variable]
 static XUartLite UartLiteInst;
                  ^~~~~~~~~~~~
make: *** [src/subdir.mk:41: src/helloworld.o] Error 1
13:06:22 **** Auto Build of configuration Debug for project device_read2 ****
make pre-build main-build 
a9-linaro-pre-build-step
' '
'Building file: ../src/helloworld.c'
'Invoking: ARM v7 gcc compiler'
arm-none-eabi-gcc -Wall -O0 -g3 -c -fmessage-length=0 -MT"src/helloworld.o" -mcpu=cortex-a9 -mfpu=vfpv3 -mfloat-abi=hard -I../../device_read2_bsp/ps7_cortexa9_0/include -MMD -MP -MF"src/helloworld.d" -MT"src/helloworld.o" -o "src/helloworld.o" "../src/helloworld.c"
In file included from ../src/helloworld.c:63:0:
../src/cov.h:16:7: warning: conflicting types for built-in function 'sqrt' [-Wbuiltin-declaration-mismatch]
 float sqrt(float number);
       ^~~~
../src/helloworld.c:67:0: warning: "UART_DEVICE_ID" redefined
 #define UART_DEVICE_ID XPAR_UARTLITE_0_DEVICE_ID
 
In file included from ../src/platform.h:36:0,
                 from ../src/helloworld.c:50:
../src/platform_config.h:5:0: note: this is the location of the previous definition
 #define UART_DEVICE_ID 0
 
../src/helloworld.c: In function 'work':
../src/helloworld.c:240:16: warning: passing argument 1 of 'corss' from incompatible pointer type [-Wincompatible-pointer-types]
    sim = corss(sample_data[i],device_data[j],DATA_LENGTH);
                ^~~~~~~~~~~
In file included from ../src/helloworld.c:63:0:
../src/cov.h:15:8: note: expected 'double *' but argument is of type 'u16 * {aka short unsigned int *}'
 double corss(double *s1, double *s2,int n);
        ^~~~~
../src/helloworld.c:240:31: warning: passing argument 2 of 'corss' from incompatible pointer type [-Wincompatible-pointer-types]
    sim = corss(sample_data[i],device_data[j],DATA_LENGTH);
                               ^~~~~~~~~~~
In file included from ../src/helloworld.c:63:0:
../src/cov.h:15:8: note: expected 'double *' but argument is of type 'u16 * {aka short unsigned int *}'
 double corss(double *s1, double *s2,int n);
        ^~~~~
../src/helloworld.c: At top level:
../src/helloworld.c:280:1: warning: return type defaults to 'int' [-Wimplicit-int]
 load_data()
 ^~~~~~~~~
../src/helloworld.c:280:1: warning: conflicting types for 'load_data'
../src/helloworld.c:97:6: note: previous declaration of 'load_data' was here
 void load_data();
      ^~~~~~~~~
../src/helloworld.c: In function 'load_data':
../src/helloworld.c:288:33: error: 'j' undeclared (first use in this function)
     int index = 2(i*DATA_LENGTH+j);
                                 ^
../src/helloworld.c:288:33: note: each undeclared identifier is reported only once for each function it appears in
../src/helloworld.c:288:17: error: called object is not a function or function pointer
     int index = 2(i*DATA_LENGTH+j);
                 ^
../src/helloworld.c:289:32: error: subscripted value is neither array nor pointer nor vector
     device_data[i][j]=save_data[index]<<8+save_data[index+1];
                                ^
../src/helloworld.c:289:52: error: subscripted value is neither array nor pointer nor vector
     device_data[i][j]=save_data[index]<<8+save_data[index+1];
                                                    ^
../src/helloworld.c:291:26: error: subscripted value is neither array nor pointer nor vector
   else kind_ptr=save_data[6*DATA_LENGTH+1];
                          ^
../src/helloworld.c:282:6: warning: unused variable 'read_data' [-Wunused-variable]
  u8 *read_data = ReadOut(0x1900);
      ^~~~~~~~~
../src/helloworld.c: At top level:
../src/helloworld.c:294:1: warning: return type defaults to 'int' [-Wimplicit-int]
 save_data()
 ^~~~~~~~~
../src/helloworld.c:294:1: warning: conflicting types for 'save_data'
../src/helloworld.c:98:6: note: previous declaration of 'save_data' was here
 void save_data();
      ^~~~~~~~~
../src/helloworld.c: In function 'save_data':
../src/helloworld.c:302:17: error: called object is not a function or function pointer
     int index = 2(i*DATA_LENGTH+j);
                 ^
../src/helloworld.c:308:10: warning: passing argument 1 of 'WriteIn' from incompatible pointer type [-Wincompatible-pointer-types]
  WriteIn(&write_data,0x1900);
          ^
In file included from ../src/cov.h:9:0,
                 from ../src/helloworld.c:63:
../src/flash.h:118:6: note: expected 'int *' but argument is of type 'u8 ** {aka unsigned char **}'
 void WriteIn(int data[],u32 ADDRESS);
      ^~~~~~~
../src/helloworld.c: In function 'init':
../src/helloworld.c:154:1: warning: control reaches end of non-void function [-Wreturn-type]
 }
 ^
In file included from ../src/helloworld.c:62:0:
At top level:
../src/wifi.h:20:18: warning: 'UartLiteInst' defined but not used [-Wunused-variable]
 static XUartLite UartLiteInst;
                  ^~~~~~~~~~~~
make: *** [src/subdir.mk:41: src/helloworld.o] Error 1
13:07:10 **** Auto Build of configuration Debug for project device_read2 ****
make pre-build main-build 
a9-linaro-pre-build-step
' '
'Building file: ../src/helloworld.c'
'Invoking: ARM v7 gcc compiler'
arm-none-eabi-gcc -Wall -O0 -g3 -c -fmessage-length=0 -MT"src/helloworld.o" -mcpu=cortex-a9 -mfpu=vfpv3 -mfloat-abi=hard -I../../device_read2_bsp/ps7_cortexa9_0/include -MMD -MP -MF"src/helloworld.d" -MT"src/helloworld.o" -o "src/helloworld.o" "../src/helloworld.c"
In file included from ../src/helloworld.c:63:0:
../src/cov.h:16:7: warning: conflicting types for built-in function 'sqrt' [-Wbuiltin-declaration-mismatch]
 float sqrt(float number);
       ^~~~
../src/helloworld.c:67:0: warning: "UART_DEVICE_ID" redefined
 #define UART_DEVICE_ID XPAR_UARTLITE_0_DEVICE_ID
 
In file included from ../src/platform.h:36:0,
                 from ../src/helloworld.c:50:
../src/platform_config.h:5:0: note: this is the location of the previous definition
 #define UART_DEVICE_ID 0
 
../src/helloworld.c: In function 'work':
../src/helloworld.c:240:16: warning: passing argument 1 of 'corss' from incompatible pointer type [-Wincompatible-pointer-types]
    sim = corss(sample_data[i],device_data[j],DATA_LENGTH);
                ^~~~~~~~~~~
In file included from ../src/helloworld.c:63:0:
../src/cov.h:15:8: note: expected 'double *' but argument is of type 'u16 * {aka short unsigned int *}'
 double corss(double *s1, double *s2,int n);
        ^~~~~
../src/helloworld.c:240:31: warning: passing argument 2 of 'corss' from incompatible pointer type [-Wincompatible-pointer-types]
    sim = corss(sample_data[i],device_data[j],DATA_LENGTH);
                               ^~~~~~~~~~~
In file included from ../src/helloworld.c:63:0:
../src/cov.h:15:8: note: expected 'double *' but argument is of type 'u16 * {aka short unsigned int *}'
 double corss(double *s1, double *s2,int n);
        ^~~~~
../src/helloworld.c: At top level:
../src/helloworld.c:280:1: warning: return type defaults to 'int' [-Wimplicit-int]
 load_data()
 ^~~~~~~~~
../src/helloworld.c:280:1: warning: conflicting types for 'load_data'
../src/helloworld.c:97:6: note: previous declaration of 'load_data' was here
 void load_data();
      ^~~~~~~~~
../src/helloworld.c: In function 'load_data':
../src/helloworld.c:289:32: error: subscripted value is neither array nor pointer nor vector
     device_data[i][j]=save_data[index]<<8+save_data[index+1];
                                ^
../src/helloworld.c:289:52: error: subscripted value is neither array nor pointer nor vector
     device_data[i][j]=save_data[index]<<8+save_data[index+1];
                                                    ^
../src/helloworld.c:291:26: error: subscripted value is neither array nor pointer nor vector
   else kind_ptr=save_data[6*DATA_LENGTH+1];
                          ^
../src/helloworld.c:282:6: warning: unused variable 'read_data' [-Wunused-variable]
  u8 *read_data = ReadOut(0x1900);
      ^~~~~~~~~
../src/helloworld.c: At top level:
../src/helloworld.c:294:1: warning: return type defaults to 'int' [-Wimplicit-int]
 save_data()
 ^~~~~~~~~
../src/helloworld.c:294:1: warning: conflicting types for 'save_data'
../src/helloworld.c:98:6: note: previous declaration of 'save_data' was here
 void save_data();
      ^~~~~~~~~
../src/helloworld.c: In function 'save_data':
../src/helloworld.c:308:10: warning: passing argument 1 of 'WriteIn' from incompatible pointer type [-Wincompatible-pointer-types]
  WriteIn(&write_data,0x1900);
          ^
In file included from ../src/cov.h:9:0,
                 from ../src/helloworld.c:63:
../src/flash.h:118:6: note: expected 'int *' but argument is of type 'u8 ** {aka unsigned char **}'
 void WriteIn(int data[],u32 ADDRESS);
      ^~~~~~~
../src/helloworld.c: In function 'init':
../src/helloworld.c:154:1: warning: control reaches end of non-void function [-Wreturn-type]
 }
 ^
In file included from ../src/helloworld.c:62:0:
At top level:
../src/wifi.h:20:18: warning: 'UartLiteInst' defined but not used [-Wunused-variable]
 static XUartLite UartLiteInst;
                  ^~~~~~~~~~~~
make: *** [src/subdir.mk:41: src/helloworld.o] Error 1
13:07:47 **** Auto Build of configuration Debug for project device_read2 ****
make pre-build main-build 
a9-linaro-pre-build-step
' '
'Building file: ../src/helloworld.c'
'Invoking: ARM v7 gcc compiler'
arm-none-eabi-gcc -Wall -O0 -g3 -c -fmessage-length=0 -MT"src/helloworld.o" -mcpu=cortex-a9 -mfpu=vfpv3 -mfloat-abi=hard -I../../device_read2_bsp/ps7_cortexa9_0/include -MMD -MP -MF"src/helloworld.d" -MT"src/helloworld.o" -o "src/helloworld.o" "../src/helloworld.c"
In file included from ../src/helloworld.c:63:0:
../src/cov.h:16:7: warning: conflicting types for built-in function 'sqrt' [-Wbuiltin-declaration-mismatch]
 float sqrt(float number);
       ^~~~
../src/helloworld.c:67:0: warning: "UART_DEVICE_ID" redefined
 #define UART_DEVICE_ID XPAR_UARTLITE_0_DEVICE_ID
 
In file included from ../src/platform.h:36:0,
                 from ../src/helloworld.c:50:
../src/platform_config.h:5:0: note: this is the location of the previous definition
 #define UART_DEVICE_ID 0
 
../src/helloworld.c: In function 'work':
../src/helloworld.c:240:16: warning: passing argument 1 of 'corss' from incompatible pointer type [-Wincompatible-pointer-types]
    sim = corss(sample_data[i],device_data[j],DATA_LENGTH);
                ^~~~~~~~~~~
In file included from ../src/helloworld.c:63:0:
../src/cov.h:15:8: note: expected 'double *' but argument is of type 'u16 * {aka short unsigned int *}'
 double corss(double *s1, double *s2,int n);
        ^~~~~
../src/helloworld.c:240:31: warning: passing argument 2 of 'corss' from incompatible pointer type [-Wincompatible-pointer-types]
    sim = corss(sample_data[i],device_data[j],DATA_LENGTH);
                               ^~~~~~~~~~~
In file included from ../src/helloworld.c:63:0:
../src/cov.h:15:8: note: expected 'double *' but argument is of type 'u16 * {aka short unsigned int *}'
 double corss(double *s1, double *s2,int n);
        ^~~~~
../src/helloworld.c: At top level:
../src/helloworld.c:280:1: warning: return type defaults to 'int' [-Wimplicit-int]
 load_data()
 ^~~~~~~~~
../src/helloworld.c:280:1: warning: conflicting types for 'load_data'
../src/helloworld.c:97:6: note: previous declaration of 'load_data' was here
 void load_data();
      ^~~~~~~~~
../src/helloworld.c: In function 'load_data':
../src/helloworld.c:289:42: warning: suggest parentheses around '+' inside '<<' [-Wparentheses]
     device_data[i][j]=read_data[index]<<8+read_data[index+1];
                                         ~^~~~~~~~~~~~~~~~~~~
../src/helloworld.c: At top level:
../src/helloworld.c:294:1: warning: return type defaults to 'int' [-Wimplicit-int]
 save_data()
 ^~~~~~~~~
../src/helloworld.c:294:1: warning: conflicting types for 'save_data'
../src/helloworld.c:98:6: note: previous declaration of 'save_data' was here
 void save_data();
      ^~~~~~~~~
../src/helloworld.c: In function 'save_data':
../src/helloworld.c:308:10: warning: passing argument 1 of 'WriteIn' from incompatible pointer type [-Wincompatible-pointer-types]
  WriteIn(&write_data,0x1900);
          ^
In file included from ../src/cov.h:9:0,
                 from ../src/helloworld.c:63:
../src/flash.h:118:6: note: expected 'int *' but argument is of type 'u8 ** {aka unsigned char **}'
 void WriteIn(int data[],u32 ADDRESS);
      ^~~~~~~
../src/helloworld.c: In function 'init':
../src/helloworld.c:154:1: warning: control reaches end of non-void function [-Wreturn-type]
 }
 ^
In file included from ../src/helloworld.c:62:0:
At top level:
../src/wifi.h:20:18: warning: 'UartLiteInst' defined but not used [-Wunused-variable]
 static XUartLite UartLiteInst;
                  ^~~~~~~~~~~~
'Finished building: ../src/helloworld.c'
' '
'Building target: device_read2.elf'
'Invoking: ARM v7 gcc linker'
arm-none-eabi-gcc -mcpu=cortex-a9 -mfpu=vfpv3 -mfloat-abi=hard -Wl,-build-id=none -specs=Xilinx.spec -Wl,-T -Wl,../src/lscript.ld -L../../device_read2_bsp/ps7_cortexa9_0/lib -o "device_read2.elf"  ./src/ads8688.o ./src/cov.o ./src/flash.o ./src/helloworld.o ./src/platform.o ./src/utils.o ./src/wifi.o   -Wl,--start-group,-lxil,-lgcc,-lc,--end-group
'Finished building target: device_read2.elf'
' '
'Invoking: ARM v7 Print Size'
arm-none-eabi-size device_read2.elf  |tee "device_read2.elf.size"
   text	   data	    bss	    dec	    hex	filename
  95060	   3688	  29376	 128124	  1f47c	device_read2.elf
'Finished building: device_read2.elf.size'
' '
13:08:12 **** Incremental Build of configuration Debug for project device_read2 ****
make pre-build main-build 
a9-linaro-pre-build-step
' '
make: Nothing to be done for 'main-build'.
13:10:29 **** Incremental Build of configuration Debug for project device_read2 ****
make pre-build main-build 
a9-linaro-pre-build-step
' '
make: Nothing to be done for 'main-build'.
15:33:45 **** Incremental Build of configuration Debug for project device_read2 ****
make pre-build main-build 
a9-linaro-pre-build-step
' '
make: Nothing to be done for 'main-build'.
15:35:39 **** Auto Build of configuration Debug for project device_read2 ****
make pre-build main-build 
a9-linaro-pre-build-step
' '
'Building file: ../src/helloworld.c'
'Invoking: ARM v7 gcc compiler'
arm-none-eabi-gcc -Wall -O0 -g3 -c -fmessage-length=0 -MT"src/helloworld.o" -mcpu=cortex-a9 -mfpu=vfpv3 -mfloat-abi=hard -I../../device_read2_bsp/ps7_cortexa9_0/include -MMD -MP -MF"src/helloworld.d" -MT"src/helloworld.o" -o "src/helloworld.o" "../src/helloworld.c"
In file included from ../src/helloworld.c:63:0:
../src/cov.h:16:7: warning: conflicting types for built-in function 'sqrt' [-Wbuiltin-declaration-mismatch]
 float sqrt(float number);
       ^~~~
../src/helloworld.c:67:0: warning: "UART_DEVICE_ID" redefined
 #define UART_DEVICE_ID XPAR_UARTLITE_0_DEVICE_ID
 
In file included from ../src/platform.h:36:0,
                 from ../src/helloworld.c:50:
../src/platform_config.h:5:0: note: this is the location of the previous definition
 #define UART_DEVICE_ID 0
 
../src/helloworld.c: In function 'work':
../src/helloworld.c:240:16: warning: passing argument 1 of 'corss' from incompatible pointer type [-Wincompatible-pointer-types]
    sim = corss(sample_data[i],device_data[j],DATA_LENGTH);
                ^~~~~~~~~~~
In file included from ../src/helloworld.c:63:0:
../src/cov.h:15:8: note: expected 'double *' but argument is of type 'u16 * {aka short unsigned int *}'
 double corss(double *s1, double *s2,int n);
        ^~~~~
../src/helloworld.c:240:31: warning: passing argument 2 of 'corss' from incompatible pointer type [-Wincompatible-pointer-types]
    sim = corss(sample_data[i],device_data[j],DATA_LENGTH);
                               ^~~~~~~~~~~
In file included from ../src/helloworld.c:63:0:
../src/cov.h:15:8: note: expected 'double *' but argument is of type 'u16 * {aka short unsigned int *}'
 double corss(double *s1, double *s2,int n);
        ^~~~~
../src/helloworld.c: At top level:
../src/helloworld.c:280:1: warning: return type defaults to 'int' [-Wimplicit-int]
 load_data()
 ^~~~~~~~~
../src/helloworld.c:280:1: warning: conflicting types for 'load_data'
../src/helloworld.c:97:6: note: previous declaration of 'load_data' was here
 void load_data();
      ^~~~~~~~~
../src/helloworld.c: In function 'load_data':
../src/helloworld.c:289:42: warning: suggest parentheses around '+' inside '<<' [-Wparentheses]
     device_data[i][j]=read_data[index]<<8+read_data[index+1];
                                         ~^~~~~~~~~~~~~~~~~~~
../src/helloworld.c: At top level:
../src/helloworld.c:294:1: warning: return type defaults to 'int' [-Wimplicit-int]
 save_data()
 ^~~~~~~~~
../src/helloworld.c:294:1: warning: conflicting types for 'save_data'
../src/helloworld.c:98:6: note: previous declaration of 'save_data' was here
 void save_data();
      ^~~~~~~~~
../src/helloworld.c: In function 'save_data':
../src/helloworld.c:308:10: warning: passing argument 1 of 'WriteIn' from incompatible pointer type [-Wincompatible-pointer-types]
  WriteIn(&write_data,0x1900);
          ^
In file included from ../src/cov.h:9:0,
                 from ../src/helloworld.c:63:
../src/flash.h:118:6: note: expected 'int *' but argument is of type 'u8 ** {aka unsigned char **}'
 void WriteIn(int data[],u32 ADDRESS);
      ^~~~~~~
../src/helloworld.c: In function 'init':
../src/helloworld.c:154:1: warning: control reaches end of non-void function [-Wreturn-type]
 }
 ^
In file included from ../src/helloworld.c:62:0:
At top level:
../src/wifi.h:20:18: warning: 'UartLiteInst' defined but not used [-Wunused-variable]
 static XUartLite UartLiteInst;
                  ^~~~~~~~~~~~
'Finished building: ../src/helloworld.c'
' '
'Building target: device_read2.elf'
'Invoking: ARM v7 gcc linker'
arm-none-eabi-gcc -mcpu=cortex-a9 -mfpu=vfpv3 -mfloat-abi=hard -Wl,-build-id=none -specs=Xilinx.spec -Wl,-T -Wl,../src/lscript.ld -L../../device_read2_bsp/ps7_cortexa9_0/lib -o "device_read2.elf"  ./src/ads8688.o ./src/cov.o ./src/flash.o ./src/helloworld.o ./src/platform.o ./src/utils.o ./src/wifi.o   -Wl,--start-group,-lxil,-lgcc,-lc,--end-group
'Finished building target: device_read2.elf'
' '
'Invoking: ARM v7 Print Size'
arm-none-eabi-size device_read2.elf  |tee "device_read2.elf.size"
   text	   data	    bss	    dec	    hex	filename
  95060	   3688	  29376	 128124	  1f47c	device_read2.elf
'Finished building: device_read2.elf.size'
' '
15:35:59 **** Incremental Build of configuration Debug for project device_read2 ****
make pre-build main-build 
a9-linaro-pre-build-step
' '
make: Nothing to be done for 'main-build'.
