23:25:53 **** Build of configuration Debug for project test_final ****
make pre-build main-build 
a9-linaro-pre-build-step
' '
'Building file: ../src/ads8688.c'
'Invoking: ARM v7 gcc compiler'
arm-none-eabi-gcc -Wall -O0 -g3 -c -fmessage-length=0 -MT"src/ads8688.o" -mcpu=cortex-a9 -mfpu=vfpv3 -mfloat-abi=hard -I../../test_final_bsp/ps7_cortexa9_0/include -MMD -MP -MF"src/ads8688.d" -MT"src/ads8688.o" -o "src/ads8688.o" "../src/ads8688.c"
../src/ads8688.c: In function 'ads8688_init':
../src/ads8688.c:23:2: warning: implicit declaration of function 'delay_ms' [-Wimplicit-function-declaration]
  delay_ms(100);
  ^~~~~~~~
'Finished building: ../src/ads8688.c'
' '
'Building file: ../src/helloworld.c'
'Invoking: ARM v7 gcc compiler'
arm-none-eabi-gcc -Wall -O0 -g3 -c -fmessage-length=0 -MT"src/helloworld.o" -mcpu=cortex-a9 -mfpu=vfpv3 -mfloat-abi=hard -I../../test_final_bsp/ps7_cortexa9_0/include -MMD -MP -MF"src/helloworld.d" -MT"src/helloworld.o" -o "src/helloworld.o" "../src/helloworld.c"
../src/helloworld.c:62:0: warning: "UART_DEVICE_ID" redefined
 #define UART_DEVICE_ID XPAR_UARTLITE_0_DEVICE_ID
 
In file included from ../src/platform.h:36:0,
                 from ../src/helloworld.c:49:
../src/platform_config.h:5:0: note: this is the location of the previous definition
 #define UART_DEVICE_ID 0
 
../src/helloworld.c: In function 'main':
../src/helloworld.c:104:7: warning: pointer targets in passing argument 1 of 'send' differ in signedness [-Wpointer-sign]
  send("AT+CIPSEND=0,6\r\n");
       ^~~~~~~~~~~~~~~~~~~~
In file included from ../src/helloworld.c:60:0:
../src/wifi.h:23:6: note: expected 'unsigned char *' but argument is of type 'char *'
 void send(unsigned char *str);
      ^~~~
../src/helloworld.c:106:7: warning: pointer targets in passing argument 1 of 'send' differ in signedness [-Wpointer-sign]
  send("hello.\r\n");
       ^~~~~~~~~~~~
In file included from ../src/helloworld.c:60:0:
../src/wifi.h:23:6: note: expected 'unsigned char *' but argument is of type 'char *'
 void send(unsigned char *str);
      ^~~~
../src/helloworld.c: In function 'Uartlite_intr_Handler':
../src/helloworld.c:254:7: warning: pointer targets in passing argument 1 of 'send' differ in signedness [-Wpointer-sign]
  send("AT+CIPSEND=0,5\r\n");
       ^~~~~~~~~~~~~~~~~~~~
In file included from ../src/helloworld.c:60:0:
../src/wifi.h:23:6: note: expected 'unsigned char *' but argument is of type 'char *'
 void send(unsigned char *str);
      ^~~~
../src/helloworld.c:255:7: warning: passing argument 1 of 'send' from incompatible pointer type [-Wincompatible-pointer-types]
  send(&feedback);
       ^
In file included from ../src/helloworld.c:60:0:
../src/wifi.h:23:6: note: expected 'unsigned char *' but argument is of type 'u8 (*)[16] {aka unsigned char (*)[16]}'
 void send(unsigned char *str);
      ^~~~
../src/helloworld.c: In function 'work':
../src/helloworld.c:286:7: warning: pointer targets in passing argument 1 of 'send' differ in signedness [-Wpointer-sign]
  send("AT+CIPSEND=0,5\r\n");
       ^~~~~~~~~~~~~~~~~~~~
In file included from ../src/helloworld.c:60:0:
../src/wifi.h:23:6: note: expected 'unsigned char *' but argument is of type 'char *'
 void send(unsigned char *str);
      ^~~~
../src/helloworld.c: In function 'store':
../src/helloworld.c:297:7: warning: pointer targets in passing argument 1 of 'send' differ in signedness [-Wpointer-sign]
  send("AT+CIPSEND=0,2\r\n");
       ^~~~~~~~~~~~~~~~~~~~
In file included from ../src/helloworld.c:60:0:
../src/wifi.h:23:6: note: expected 'unsigned char *' but argument is of type 'char *'
 void send(unsigned char *str);
      ^~~~
../src/helloworld.c: In function 'init':
../src/helloworld.c:174:1: warning: control reaches end of non-void function [-Wreturn-type]
 }
 ^
'Finished building: ../src/helloworld.c'
' '
'Building file: ../src/platform.c'
'Invoking: ARM v7 gcc compiler'
arm-none-eabi-gcc -Wall -O0 -g3 -c -fmessage-length=0 -MT"src/platform.o" -mcpu=cortex-a9 -mfpu=vfpv3 -mfloat-abi=hard -I../../test_final_bsp/ps7_cortexa9_0/include -MMD -MP -MF"src/platform.d" -MT"src/platform.o" -o "src/platform.o" "../src/platform.c"
'Finished building: ../src/platform.c'
' '
'Building file: ../src/utils.c'
'Invoking: ARM v7 gcc compiler'
arm-none-eabi-gcc -Wall -O0 -g3 -c -fmessage-length=0 -MT"src/utils.o" -mcpu=cortex-a9 -mfpu=vfpv3 -mfloat-abi=hard -I../../test_final_bsp/ps7_cortexa9_0/include -MMD -MP -MF"src/utils.d" -MT"src/utils.o" -o "src/utils.o" "../src/utils.c"
../src/utils.c: In function 'zero_init':
../src/utils.c:35:6: warning: variable 'status' set but not used [-Wunused-but-set-variable]
  int status;
      ^~~~~~
'Finished building: ../src/utils.c'
' '
'Building file: ../src/wifi.c'
'Invoking: ARM v7 gcc compiler'
arm-none-eabi-gcc -Wall -O0 -g3 -c -fmessage-length=0 -MT"src/wifi.o" -mcpu=cortex-a9 -mfpu=vfpv3 -mfloat-abi=hard -I../../test_final_bsp/ps7_cortexa9_0/include -MMD -MP -MF"src/wifi.d" -MT"src/wifi.o" -o "src/wifi.o" "../src/wifi.c"
In file included from ../../test_final_bsp/ps7_cortexa9_0/include/xuartlite.h:160:0,
                 from ../src/wifi.h:18,
                 from ../src/wifi.c:7:
../src/wifi.c: In function 'uart_init':
../../test_final_bsp/ps7_cortexa9_0/include/xstatus.h:61:41: warning: 'return' with a value, in function returning void
 #define XST_FAILURE                     1L
                                         ^
../src/wifi.c:30:16: note: in expansion of macro 'XST_FAILURE'
         return XST_FAILURE;
                ^~~~~~~~~~~
../src/wifi.c:25:6: note: declared here
 void uart_init(u16 device_id)
      ^~~~~~~~~
../src/wifi.c: In function 'send':
../src/wifi.c:116:9: warning: value computed is not used [-Wunused-value]
         *str++;
         ^~~~~~
'Finished building: ../src/wifi.c'
' '
'Building target: test_final.elf'
'Invoking: ARM v7 gcc linker'
arm-none-eabi-gcc -mcpu=cortex-a9 -mfpu=vfpv3 -mfloat-abi=hard -Wl,-build-id=none -specs=Xilinx.spec -Wl,-T -Wl,../src/lscript.ld -L../../test_final_bsp/ps7_cortexa9_0/lib -o "test_final.elf"  ./src/ads8688.o ./src/helloworld.o ./src/platform.o ./src/utils.o ./src/wifi.o   -Wl,--start-group,-lxil,-lgcc,-lc,--end-group
'Finished building target: test_final.elf'
' '
'Invoking: ARM v7 Print Size'
arm-none-eabi-size test_final.elf  |tee "test_final.elf.size"
   text	   data	    bss	    dec	    hex	filename
  81516	   3588	  28208	 113312	  1baa0	test_final.elf
'Finished building: test_final.elf.size'
' '

23:25:56 Build Finished (took 2s.603ms)

